16:54:23 **** Incremental Build of configuration Debug for project f412-gettingstarted ****
make -j16 all 
arm-none-eabi-gcc "../Core/Src/stm32f4xx_hal_msp.c" -mcpu=cortex-m4 -std=gnu11 -g3 -DDEBUG -DUSE_HAL_DRIVER -DSTM32F412Zx -c -I../Core/Inc -I../Drivers/STM32F4xx_HAL_Driver/Inc -I../Drivers/STM32F4xx_HAL_Driver/Inc/Legacy -I../Drivers/CMSIS/Device/ST/STM32F4xx/Include -I../Drivers/CMSIS/Include -O0 -ffunction-sections -fdata-sections -Wall -fstack-usage -MMD -MP -MF"Core/Src/stm32f4xx_hal_msp.d" -MT"Core/Src/stm32f4xx_hal_msp.o" --specs=nano.specs -mfpu=fpv4-sp-d16 -mfloat-abi=hard -mthumb -o "Core/Src/stm32f4xx_hal_msp.o"
arm-none-eabi-gcc -o "f412-gettingstarted.elf" @"objects.list"   -mcpu=cortex-m4 -T"C:\Users\songg\OneDrive\Documents\MPhil_project\Hardware_code\STM32_poject\Learning_1\f412-gettingstarted\STM32F412ZGTX_FLASH.ld" --specs=nosys.specs -Wl,-Map="f412-gettingstarted.map" -Wl,--gc-sections -static --specs=nano.specs -mfpu=fpv4-sp-d16 -mfloat-abi=hard -mthumb -Wl,--start-group -lc -lm -Wl,--end-group
Finished building target: f412-gettingstarted.elf
 
arm-none-eabi-size   f412-gettingstarted.elf 
arm-none-eabi-objdump -h -S  f412-gettingstarted.elf  > "f412-gettingstarted.list"
   text	   data	    bss	    dec	    hex	filename
  19552	    120	   3304	  22976	   59c0	f412-gettingstarted.elf
Finished building: default.size.stdout
 
Finished building: f412-gettingstarted.list
 

16:54:24 Build Finished. 0 errors, 0 warnings. (took 656ms)

