16:39:44 **** Incremental Build of configuration Debug for project f412-gettingstarted ****
make -j16 all 
arm-none-eabi-gcc "../Core/Src/main.c" -mcpu=cortex-m4 -std=gnu11 -g3 -DDEBUG -DUSE_HAL_DRIVER -DSTM32F412Zx -c -I../Core/Inc -I../Drivers/STM32F4xx_HAL_Driver/Inc -I../Drivers/STM32F4xx_HAL_Driver/Inc/Legacy -I../Drivers/CMSIS/Device/ST/STM32F4xx/Include -I../Drivers/CMSIS/Include -O0 -ffunction-sections -fdata-sections -Wall -fstack-usage -MMD -MP -MF"Core/Src/main.d" -MT"Core/Src/main.o" --specs=nano.specs -mfpu=fpv4-sp-d16 -mfloat-abi=hard -mthumb -o "Core/Src/main.o"
arm-none-eabi-gcc "../Core/Src/stm32f4xx_hal_msp.c" -mcpu=cortex-m4 -std=gnu11 -g3 -DDEBUG -DUSE_HAL_DRIVER -DSTM32F412Zx -c -I../Core/Inc -I../Drivers/STM32F4xx_HAL_Driver/Inc -I../Drivers/STM32F4xx_HAL_Driver/Inc/Legacy -I../Drivers/CMSIS/Device/ST/STM32F4xx/Include -I../Drivers/CMSIS/Include -O0 -ffunction-sections -fdata-sections -Wall -fstack-usage -MMD -MP -MF"Core/Src/stm32f4xx_hal_msp.d" -MT"Core/Src/stm32f4xx_hal_msp.o" --specs=nano.specs -mfpu=fpv4-sp-d16 -mfloat-abi=hard -mthumb -o "Core/Src/stm32f4xx_hal_msp.o"
../Core/Src/main.c: In function 'HAL_UART_RxCpltCallback':
../Core/Src/main.c:117:35: warning: passing argument 2 of 'HAL_UART_Receive_DMA' makes pointer from integer without a cast [-Wint-conversion]
  117 |     HAL_UART_Receive_DMA(&huart6, NoChannel, 4);
      |                                   ^~~~~~~~~
      |                                   |
      |                                   uint8_t {aka unsigned char}
In file included from ../Core/Inc/stm32f4xx_hal_conf.h:406,
                 from ../Drivers/STM32F4xx_HAL_Driver/Inc/stm32f4xx_hal.h:29,
                 from ../Core/Inc/main.h:30,
                 from ../Core/Src/main.c:20:
../Drivers/STM32F4xx_HAL_Driver/Inc/stm32f4xx_hal_uart.h:727:76: note: expected 'uint8_t *' {aka 'unsigned char *'} but argument is of type 'uint8_t' {aka 'unsigned char'}
  727 | HAL_StatusTypeDef HAL_UART_Receive_DMA(UART_HandleTypeDef *huart, uint8_t *pData, uint16_t Size);
      |                                                                   ~~~~~~~~~^~~~~
../Core/Src/main.c: In function 'main':
../Core/Src/main.c:126:34: warning: passing argument 2 of 'HAL_UART_Receive_DMA' makes pointer from integer without a cast [-Wint-conversion]
  126 |    HAL_UART_Receive_DMA(&huart6, (int)NoChannel, 4);
      |                                  ^~~~~~~~~~~~~~
      |                                  |
      |                                  int
In file included from ../Core/Inc/stm32f4xx_hal_conf.h:406,
                 from ../Drivers/STM32F4xx_HAL_Driver/Inc/stm32f4xx_hal.h:29,
                 from ../Core/Inc/main.h:30,
                 from ../Core/Src/main.c:20:
../Drivers/STM32F4xx_HAL_Driver/Inc/stm32f4xx_hal_uart.h:727:76: note: expected 'uint8_t *' {aka 'unsigned char *'} but argument is of type 'int'
  727 | HAL_StatusTypeDef HAL_UART_Receive_DMA(UART_HandleTypeDef *huart, uint8_t *pData, uint16_t Size);
      |                                                                   ~~~~~~~~~^~~~~
../Core/Src/main.c:127:19: warning: implicit declaration of function 'malloc' [-Wimplicit-function-declaration]
  127 |    buf = (char *) malloc(sizeof(value[0]+value[1]+value[2]+value[3])+8);
      |                   ^~~~~~
../Core/Src/main.c:127:19: warning: incompatible implicit declaration of built-in function 'malloc'
../Core/Src/main.c:27:1: note: include '<stdlib.h>' or provide a declaration of 'malloc'
   26 | #include <micros.h>
  +++ |+#include <stdlib.h>
   27 | /* USER CODE END Includes */
../Core/Src/main.c:132:19: warning: format '%x' expects argument of type 'unsigned int', but argument 3 has type 'uint32_t' {aka 'volatile long unsigned int'} [-Wformat=]
  132 |    sprintf(buf,"%0x,%0x,%0x,%0x\r\n",value[0], value[1], value[2], value[3]);
      |                 ~~^                  ~~~~~~~~
      |                   |                       |
      |                   unsigned int            uint32_t {aka volatile long unsigned int}
      |                 %0lx
../Core/Src/main.c:132:23: warning: format '%x' expects argument of type 'unsigned int', but argument 4 has type 'uint32_t' {aka 'volatile long unsigned int'} [-Wformat=]
  132 |    sprintf(buf,"%0x,%0x,%0x,%0x\r\n",value[0], value[1], value[2], value[3]);
      |                     ~~^                        ~~~~~~~~
      |                       |                             |
      |                       unsigned int                  uint32_t {aka volatile long unsigned int}
      |                     %0lx
../Core/Src/main.c:132:27: warning: format '%x' expects argument of type 'unsigned int', but argument 5 has type 'uint32_t' {aka 'volatile long unsigned int'} [-Wformat=]
  132 |    sprintf(buf,"%0x,%0x,%0x,%0x\r\n",value[0], value[1], value[2], value[3]);
      |                         ~~^                              ~~~~~~~~
      |                           |                                   |
      |                           unsigned int                        uint32_t {aka volatile long unsigned int}
      |                         %0lx
../Core/Src/main.c:132:31: warning: format '%x' expects argument of type 'unsigned int', but argument 6 has type 'uint32_t' {aka 'volatile long unsigned int'} [-Wformat=]
  132 |    sprintf(buf,"%0x,%0x,%0x,%0x\r\n",value[0], value[1], value[2], value[3]);
      |                             ~~^                                    ~~~~~~~~
      |                               |                                         |
      |                               unsigned int                              uint32_t {aka volatile long unsigned int}
      |                             %0lx
../Core/Src/main.c:133:31: warning: pointer targets in passing argument 2 of 'HAL_UART_Transmit' differ in signedness [-Wpointer-sign]
  133 |    HAL_UART_Transmit(&huart6, buf, strlen((char*)buf), HAL_MAX_DELAY);
      |                               ^~~
      |                               |
      |                               char *
In file included from ../Core/Inc/stm32f4xx_hal_conf.h:406,
                 from ../Drivers/STM32F4xx_HAL_Driver/Inc/stm32f4xx_hal.h:29,
                 from ../Core/Inc/main.h:30,
                 from ../Core/Src/main.c:20:
../Drivers/STM32F4xx_HAL_Driver/Inc/stm32f4xx_hal_uart.h:722:79: note: expected 'const uint8_t *' {aka 'const unsigned char *'} but argument is of type 'char *'
  722 | HAL_StatusTypeDef HAL_UART_Transmit(UART_HandleTypeDef *huart, const uint8_t *pData, uint16_t Size, uint32_t Timeout);
      |                                                                ~~~~~~~~~~~~~~~^~~~~
../Core/Src/main.c:134:4: warning: implicit declaration of function 'free' [-Wimplicit-function-declaration]
  134 |    free(buf);
      |    ^~~~
../Core/Src/main.c:134:4: warning: incompatible implicit declaration of built-in function 'free'
../Core/Src/main.c:134:4: note: include '<stdlib.h>' or provide a declaration of 'free'
../Core/Src/main.c:86:11: warning: unused variable 'dt' [-Wunused-variable]
   86 |  long int dt = 0;
      |           ^~
../Core/Src/main.c: In function 'HAL_ADC_ConvCpltCallback':
../Core/Src/main.c:439:2: error: 'adcConversionComplete' undeclared (first use in this function)
  439 |  adcConversionComplete = 1;
      |  ^~~~~~~~~~~~~~~~~~~~~
../Core/Src/main.c:439:2: note: each undeclared identifier is reported only once for each function it appears in
At top level:
../Core/Src/main.c:115:8: warning: 'HAL_UART_RxCpltCallback' defined but not used [-Wunused-function]
  115 |   void HAL_UART_RxCpltCallback(UART_HandleTypeDef *huart)
      |        ^~~~~~~~~~~~~~~~~~~~~~~
make: *** [Core/Src/subdir.mk:34: Core/Src/main.o] Error 1
make: *** Waiting for unfinished jobs....
"make -j16 all" terminated with exit code 2. Build might be incomplete.
16:39:54 **** Incremental Build of configuration Debug for project f412-gettingstarted ****
make -j16 all 
arm-none-eabi-gcc "../Core/Src/main.c" -mcpu=cortex-m4 -std=gnu11 -g3 -DDEBUG -DUSE_HAL_DRIVER -DSTM32F412Zx -c -I../Core/Inc -I../Drivers/STM32F4xx_HAL_Driver/Inc -I../Drivers/STM32F4xx_HAL_Driver/Inc/Legacy -I../Drivers/CMSIS/Device/ST/STM32F4xx/Include -I../Drivers/CMSIS/Include -O0 -ffunction-sections -fdata-sections -Wall -fstack-usage -MMD -MP -MF"Core/Src/main.d" -MT"Core/Src/main.o" --specs=nano.specs -mfpu=fpv4-sp-d16 -mfloat-abi=hard -mthumb -o "Core/Src/main.o"
../Core/Src/main.c: In function 'HAL_UART_RxCpltCallback':
../Core/Src/main.c:117:35: warning: passing argument 2 of 'HAL_UART_Receive_DMA' makes pointer from integer without a cast [-Wint-conversion]
  117 |     HAL_UART_Receive_DMA(&huart6, NoChannel, 4);
      |                                   ^~~~~~~~~
      |                                   |
      |                                   uint8_t {aka unsigned char}
In file included from ../Core/Inc/stm32f4xx_hal_conf.h:406,
                 from ../Drivers/STM32F4xx_HAL_Driver/Inc/stm32f4xx_hal.h:29,
                 from ../Core/Inc/main.h:30,
                 from ../Core/Src/main.c:20:
../Drivers/STM32F4xx_HAL_Driver/Inc/stm32f4xx_hal_uart.h:727:76: note: expected 'uint8_t *' {aka 'unsigned char *'} but argument is of type 'uint8_t' {aka 'unsigned char'}
  727 | HAL_StatusTypeDef HAL_UART_Receive_DMA(UART_HandleTypeDef *huart, uint8_t *pData, uint16_t Size);
      |                                                                   ~~~~~~~~~^~~~~
../Core/Src/main.c: In function 'main':
../Core/Src/main.c:126:34: warning: passing argument 2 of 'HAL_UART_Receive_DMA' makes pointer from integer without a cast [-Wint-conversion]
  126 |    HAL_UART_Receive_DMA(&huart6, (int)NoChannel, 4);
      |                                  ^~~~~~~~~~~~~~
      |                                  |
      |                                  int
In file included from ../Core/Inc/stm32f4xx_hal_conf.h:406,
                 from ../Drivers/STM32F4xx_HAL_Driver/Inc/stm32f4xx_hal.h:29,
                 from ../Core/Inc/main.h:30,
                 from ../Core/Src/main.c:20:
../Drivers/STM32F4xx_HAL_Driver/Inc/stm32f4xx_hal_uart.h:727:76: note: expected 'uint8_t *' {aka 'unsigned char *'} but argument is of type 'int'
  727 | HAL_StatusTypeDef HAL_UART_Receive_DMA(UART_HandleTypeDef *huart, uint8_t *pData, uint16_t Size);
      |                                                                   ~~~~~~~~~^~~~~
../Core/Src/main.c:127:19: warning: implicit declaration of function 'malloc' [-Wimplicit-function-declaration]
  127 |    buf = (char *) malloc(sizeof(value[0]+value[1]+value[2]+value[3])+8);
      |                   ^~~~~~
../Core/Src/main.c:127:19: warning: incompatible implicit declaration of built-in function 'malloc'
../Core/Src/main.c:27:1: note: include '<stdlib.h>' or provide a declaration of 'malloc'
   26 | #include <micros.h>
  +++ |+#include <stdlib.h>
   27 | /* USER CODE END Includes */
../Core/Src/main.c:132:19: warning: format '%x' expects argument of type 'unsigned int', but argument 3 has type 'uint32_t' {aka 'volatile long unsigned int'} [-Wformat=]
  132 |    sprintf(buf,"%0x,%0x,%0x,%0x\r\n",value[0], value[1], value[2], value[3]);
      |                 ~~^                  ~~~~~~~~
      |                   |                       |
      |                   unsigned int            uint32_t {aka volatile long unsigned int}
      |                 %0lx
../Core/Src/main.c:132:23: warning: format '%x' expects argument of type 'unsigned int', but argument 4 has type 'uint32_t' {aka 'volatile long unsigned int'} [-Wformat=]
  132 |    sprintf(buf,"%0x,%0x,%0x,%0x\r\n",value[0], value[1], value[2], value[3]);
      |                     ~~^                        ~~~~~~~~
      |                       |                             |
      |                       unsigned int                  uint32_t {aka volatile long unsigned int}
      |                     %0lx
../Core/Src/main.c:132:27: warning: format '%x' expects argument of type 'unsigned int', but argument 5 has type 'uint32_t' {aka 'volatile long unsigned int'} [-Wformat=]
  132 |    sprintf(buf,"%0x,%0x,%0x,%0x\r\n",value[0], value[1], value[2], value[3]);
      |                         ~~^                              ~~~~~~~~
      |                           |                                   |
      |                           unsigned int                        uint32_t {aka volatile long unsigned int}
      |                         %0lx
../Core/Src/main.c:132:31: warning: format '%x' expects argument of type 'unsigned int', but argument 6 has type 'uint32_t' {aka 'volatile long unsigned int'} [-Wformat=]
  132 |    sprintf(buf,"%0x,%0x,%0x,%0x\r\n",value[0], value[1], value[2], value[3]);
      |                             ~~^                                    ~~~~~~~~
      |                               |                                         |
      |                               unsigned int                              uint32_t {aka volatile long unsigned int}
      |                             %0lx
../Core/Src/main.c:133:31: warning: pointer targets in passing argument 2 of 'HAL_UART_Transmit' differ in signedness [-Wpointer-sign]
  133 |    HAL_UART_Transmit(&huart6, buf, strlen((char*)buf), HAL_MAX_DELAY);
      |                               ^~~
      |                               |
      |                               char *
In file included from ../Core/Inc/stm32f4xx_hal_conf.h:406,
                 from ../Drivers/STM32F4xx_HAL_Driver/Inc/stm32f4xx_hal.h:29,
                 from ../Core/Inc/main.h:30,
                 from ../Core/Src/main.c:20:
../Drivers/STM32F4xx_HAL_Driver/Inc/stm32f4xx_hal_uart.h:722:79: note: expected 'const uint8_t *' {aka 'const unsigned char *'} but argument is of type 'char *'
  722 | HAL_StatusTypeDef HAL_UART_Transmit(UART_HandleTypeDef *huart, const uint8_t *pData, uint16_t Size, uint32_t Timeout);
      |                                                                ~~~~~~~~~~~~~~~^~~~~
../Core/Src/main.c:134:4: warning: implicit declaration of function 'free' [-Wimplicit-function-declaration]
  134 |    free(buf);
      |    ^~~~
../Core/Src/main.c:134:4: warning: incompatible implicit declaration of built-in function 'free'
../Core/Src/main.c:134:4: note: include '<stdlib.h>' or provide a declaration of 'free'
../Core/Src/main.c:86:11: warning: unused variable 'dt' [-Wunused-variable]
   86 |  long int dt = 0;
      |           ^~
../Core/Src/main.c: In function 'HAL_ADC_ConvCpltCallback':
../Core/Src/main.c:439:2: error: 'adcConversionComplete' undeclared (first use in this function)
  439 |  adcConversionComplete = 1;
      |  ^~~~~~~~~~~~~~~~~~~~~
../Core/Src/main.c:439:2: note: each undeclared identifier is reported only once for each function it appears in
At top level:
../Core/Src/main.c:115:8: warning: 'HAL_UART_RxCpltCallback' defined but not used [-Wunused-function]
  115 |   void HAL_UART_RxCpltCallback(UART_HandleTypeDef *huart)
      |        ^~~~~~~~~~~~~~~~~~~~~~~
make: *** [Core/Src/subdir.mk:34: Core/Src/main.o] Error 1
"make -j16 all" terminated with exit code 2. Build might be incomplete.
16:40:08 **** Incremental Build of configuration Debug for project f412-gettingstarted ****
make -j16 all 
arm-none-eabi-gcc "../Core/Src/main.c" -mcpu=cortex-m4 -std=gnu11 -g3 -DDEBUG -DUSE_HAL_DRIVER -DSTM32F412Zx -c -I../Core/Inc -I../Drivers/STM32F4xx_HAL_Driver/Inc -I../Drivers/STM32F4xx_HAL_Driver/Inc/Legacy -I../Drivers/CMSIS/Device/ST/STM32F4xx/Include -I../Drivers/CMSIS/Include -O0 -ffunction-sections -fdata-sections -Wall -fstack-usage -MMD -MP -MF"Core/Src/main.d" -MT"Core/Src/main.o" --specs=nano.specs -mfpu=fpv4-sp-d16 -mfloat-abi=hard -mthumb -o "Core/Src/main.o"
../Core/Src/main.c: In function 'HAL_UART_RxCpltCallback':
../Core/Src/main.c:117:35: warning: passing argument 2 of 'HAL_UART_Receive_DMA' makes pointer from integer without a cast [-Wint-conversion]
  117 |     HAL_UART_Receive_DMA(&huart6, NoChannel, 4);
      |                                   ^~~~~~~~~
      |                                   |
      |                                   uint8_t {aka unsigned char}
In file included from ../Core/Inc/stm32f4xx_hal_conf.h:406,
                 from ../Drivers/STM32F4xx_HAL_Driver/Inc/stm32f4xx_hal.h:29,
                 from ../Core/Inc/main.h:30,
                 from ../Core/Src/main.c:20:
../Drivers/STM32F4xx_HAL_Driver/Inc/stm32f4xx_hal_uart.h:727:76: note: expected 'uint8_t *' {aka 'unsigned char *'} but argument is of type 'uint8_t' {aka 'unsigned char'}
  727 | HAL_StatusTypeDef HAL_UART_Receive_DMA(UART_HandleTypeDef *huart, uint8_t *pData, uint16_t Size);
      |                                                                   ~~~~~~~~~^~~~~
../Core/Src/main.c: In function 'main':
../Core/Src/main.c:126:34: warning: passing argument 2 of 'HAL_UART_Receive_DMA' makes pointer from integer without a cast [-Wint-conversion]
  126 |    HAL_UART_Receive_DMA(&huart6, (int)NoChannel, 4);
      |                                  ^~~~~~~~~~~~~~
      |                                  |
      |                                  int
In file included from ../Core/Inc/stm32f4xx_hal_conf.h:406,
                 from ../Drivers/STM32F4xx_HAL_Driver/Inc/stm32f4xx_hal.h:29,
                 from ../Core/Inc/main.h:30,
                 from ../Core/Src/main.c:20:
../Drivers/STM32F4xx_HAL_Driver/Inc/stm32f4xx_hal_uart.h:727:76: note: expected 'uint8_t *' {aka 'unsigned char *'} but argument is of type 'int'
  727 | HAL_StatusTypeDef HAL_UART_Receive_DMA(UART_HandleTypeDef *huart, uint8_t *pData, uint16_t Size);
      |                                                                   ~~~~~~~~~^~~~~
../Core/Src/main.c:127:19: warning: implicit declaration of function 'malloc' [-Wimplicit-function-declaration]
  127 |    buf = (char *) malloc(sizeof(value[0]+value[1]+value[2]+value[3])+8);
      |                   ^~~~~~
../Core/Src/main.c:127:19: warning: incompatible implicit declaration of built-in function 'malloc'
../Core/Src/main.c:27:1: note: include '<stdlib.h>' or provide a declaration of 'malloc'
   26 | #include <micros.h>
  +++ |+#include <stdlib.h>
   27 | /* USER CODE END Includes */
../Core/Src/main.c:132:19: warning: format '%x' expects argument of type 'unsigned int', but argument 3 has type 'uint32_t' {aka 'volatile long unsigned int'} [-Wformat=]
  132 |    sprintf(buf,"%0x,%0x,%0x,%0x\r\n",value[0], value[1], value[2], value[3]);
      |                 ~~^                  ~~~~~~~~
      |                   |                       |
      |                   unsigned int            uint32_t {aka volatile long unsigned int}
      |                 %0lx
../Core/Src/main.c:132:23: warning: format '%x' expects argument of type 'unsigned int', but argument 4 has type 'uint32_t' {aka 'volatile long unsigned int'} [-Wformat=]
  132 |    sprintf(buf,"%0x,%0x,%0x,%0x\r\n",value[0], value[1], value[2], value[3]);
      |                     ~~^                        ~~~~~~~~
      |                       |                             |
      |                       unsigned int                  uint32_t {aka volatile long unsigned int}
      |                     %0lx
../Core/Src/main.c:132:27: warning: format '%x' expects argument of type 'unsigned int', but argument 5 has type 'uint32_t' {aka 'volatile long unsigned int'} [-Wformat=]
  132 |    sprintf(buf,"%0x,%0x,%0x,%0x\r\n",value[0], value[1], value[2], value[3]);
      |                         ~~^                              ~~~~~~~~
      |                           |                                   |
      |                           unsigned int                        uint32_t {aka volatile long unsigned int}
      |                         %0lx
../Core/Src/main.c:132:31: warning: format '%x' expects argument of type 'unsigned int', but argument 6 has type 'uint32_t' {aka 'volatile long unsigned int'} [-Wformat=]
  132 |    sprintf(buf,"%0x,%0x,%0x,%0x\r\n",value[0], value[1], value[2], value[3]);
      |                             ~~^                                    ~~~~~~~~
      |                               |                                         |
      |                               unsigned int                              uint32_t {aka volatile long unsigned int}
      |                             %0lx
../Core/Src/main.c:133:31: warning: pointer targets in passing argument 2 of 'HAL_UART_Transmit' differ in signedness [-Wpointer-sign]
  133 |    HAL_UART_Transmit(&huart6, buf, strlen((char*)buf), HAL_MAX_DELAY);
      |                               ^~~
      |                               |
      |                               char *
In file included from ../Core/Inc/stm32f4xx_hal_conf.h:406,
                 from ../Drivers/STM32F4xx_HAL_Driver/Inc/stm32f4xx_hal.h:29,
                 from ../Core/Inc/main.h:30,
                 from ../Core/Src/main.c:20:
../Drivers/STM32F4xx_HAL_Driver/Inc/stm32f4xx_hal_uart.h:722:79: note: expected 'const uint8_t *' {aka 'const unsigned char *'} but argument is of type 'char *'
  722 | HAL_StatusTypeDef HAL_UART_Transmit(UART_HandleTypeDef *huart, const uint8_t *pData, uint16_t Size, uint32_t Timeout);
      |                                                                ~~~~~~~~~~~~~~~^~~~~
../Core/Src/main.c:134:4: warning: implicit declaration of function 'free' [-Wimplicit-function-declaration]
  134 |    free(buf);
      |    ^~~~
../Core/Src/main.c:134:4: warning: incompatible implicit declaration of built-in function 'free'
../Core/Src/main.c:134:4: note: include '<stdlib.h>' or provide a declaration of 'free'
../Core/Src/main.c:86:11: warning: unused variable 'dt' [-Wunused-variable]
   86 |  long int dt = 0;
      |           ^~
../Core/Src/main.c: In function 'HAL_ADC_ConvCpltCallback':
../Core/Src/main.c:439:2: error: 'adcConversionComplete' undeclared (first use in this function)
  439 |  adcConversionComplete = 1;
      |  ^~~~~~~~~~~~~~~~~~~~~
../Core/Src/main.c:439:2: note: each undeclared identifier is reported only once for each function it appears in
At top level:
../Core/Src/main.c:115:8: warning: 'HAL_UART_RxCpltCallback' defined but not used [-Wunused-function]
  115 |   void HAL_UART_RxCpltCallback(UART_HandleTypeDef *huart)
      |        ^~~~~~~~~~~~~~~~~~~~~~~
make: *** [Core/Src/subdir.mk:34: Core/Src/main.o] Error 1
"make -j16 all" terminated with exit code 2. Build might be incomplete.
16:44:09 **** Incremental Build of configuration Debug for project f412-gettingstarted ****
make -j16 all 
arm-none-eabi-gcc "../Core/Src/main.c" -mcpu=cortex-m4 -std=gnu11 -g3 -DDEBUG -DUSE_HAL_DRIVER -DSTM32F412Zx -c -I../Core/Inc -I../Drivers/STM32F4xx_HAL_Driver/Inc -I../Drivers/STM32F4xx_HAL_Driver/Inc/Legacy -I../Drivers/CMSIS/Device/ST/STM32F4xx/Include -I../Drivers/CMSIS/Include -O0 -ffunction-sections -fdata-sections -Wall -fstack-usage -MMD -MP -MF"Core/Src/main.d" -MT"Core/Src/main.o" --specs=nano.specs -mfpu=fpv4-sp-d16 -mfloat-abi=hard -mthumb -o "Core/Src/main.o"
../Core/Src/main.c: In function 'HAL_UART_RxCpltCallback':
../Core/Src/main.c:117:35: warning: passing argument 2 of 'HAL_UART_Receive_DMA' makes pointer from integer without a cast [-Wint-conversion]
  117 |     HAL_UART_Receive_DMA(&huart6, NoChannel, 4);
      |                                   ^~~~~~~~~
      |                                   |
      |                                   uint8_t {aka unsigned char}
In file included from ../Core/Inc/stm32f4xx_hal_conf.h:406,
                 from ../Drivers/STM32F4xx_HAL_Driver/Inc/stm32f4xx_hal.h:29,
                 from ../Core/Inc/main.h:30,
                 from ../Core/Src/main.c:20:
../Drivers/STM32F4xx_HAL_Driver/Inc/stm32f4xx_hal_uart.h:727:76: note: expected 'uint8_t *' {aka 'unsigned char *'} but argument is of type 'uint8_t' {aka 'unsigned char'}
  727 | HAL_StatusTypeDef HAL_UART_Receive_DMA(UART_HandleTypeDef *huart, uint8_t *pData, uint16_t Size);
      |                                                                   ~~~~~~~~~^~~~~
../Core/Src/main.c: In function 'main':
../Core/Src/main.c:126:34: warning: passing argument 2 of 'HAL_UART_Receive_DMA' makes pointer from integer without a cast [-Wint-conversion]
  126 |    HAL_UART_Receive_DMA(&huart6, (int)NoChannel, 4);
      |                                  ^~~~~~~~~~~~~~
      |                                  |
      |                                  int
In file included from ../Core/Inc/stm32f4xx_hal_conf.h:406,
                 from ../Drivers/STM32F4xx_HAL_Driver/Inc/stm32f4xx_hal.h:29,
                 from ../Core/Inc/main.h:30,
                 from ../Core/Src/main.c:20:
../Drivers/STM32F4xx_HAL_Driver/Inc/stm32f4xx_hal_uart.h:727:76: note: expected 'uint8_t *' {aka 'unsigned char *'} but argument is of type 'int'
  727 | HAL_StatusTypeDef HAL_UART_Receive_DMA(UART_HandleTypeDef *huart, uint8_t *pData, uint16_t Size);
      |                                                                   ~~~~~~~~~^~~~~
../Core/Src/main.c:127:19: warning: implicit declaration of function 'malloc' [-Wimplicit-function-declaration]
  127 |    buf = (char *) malloc(sizeof(value[0]+value[1]+value[2]+value[3])+8);
      |                   ^~~~~~
../Core/Src/main.c:127:19: warning: incompatible implicit declaration of built-in function 'malloc'
../Core/Src/main.c:27:1: note: include '<stdlib.h>' or provide a declaration of 'malloc'
   26 | #include <micros.h>
  +++ |+#include <stdlib.h>
   27 | /* USER CODE END Includes */
../Core/Src/main.c:133:19: warning: format '%x' expects argument of type 'unsigned int', but argument 3 has type 'uint32_t' {aka 'volatile long unsigned int'} [-Wformat=]
  133 |    sprintf(buf,"%0x,%0x,%0x,%0x\r\n",value[0], value[1], value[2], value[3]);
      |                 ~~^                  ~~~~~~~~
      |                   |                       |
      |                   unsigned int            uint32_t {aka volatile long unsigned int}
      |                 %0lx
../Core/Src/main.c:133:23: warning: format '%x' expects argument of type 'unsigned int', but argument 4 has type 'uint32_t' {aka 'volatile long unsigned int'} [-Wformat=]
  133 |    sprintf(buf,"%0x,%0x,%0x,%0x\r\n",value[0], value[1], value[2], value[3]);
      |                     ~~^                        ~~~~~~~~
      |                       |                             |
      |                       unsigned int                  uint32_t {aka volatile long unsigned int}
      |                     %0lx
../Core/Src/main.c:133:27: warning: format '%x' expects argument of type 'unsigned int', but argument 5 has type 'uint32_t' {aka 'volatile long unsigned int'} [-Wformat=]
  133 |    sprintf(buf,"%0x,%0x,%0x,%0x\r\n",value[0], value[1], value[2], value[3]);
      |                         ~~^                              ~~~~~~~~
      |                           |                                   |
      |                           unsigned int                        uint32_t {aka volatile long unsigned int}
      |                         %0lx
../Core/Src/main.c:133:31: warning: format '%x' expects argument of type 'unsigned int', but argument 6 has type 'uint32_t' {aka 'volatile long unsigned int'} [-Wformat=]
  133 |    sprintf(buf,"%0x,%0x,%0x,%0x\r\n",value[0], value[1], value[2], value[3]);
      |                             ~~^                                    ~~~~~~~~
      |                               |                                         |
      |                               unsigned int                              uint32_t {aka volatile long unsigned int}
      |                             %0lx
../Core/Src/main.c:134:31: warning: pointer targets in passing argument 2 of 'HAL_UART_Transmit' differ in signedness [-Wpointer-sign]
  134 |    HAL_UART_Transmit(&huart6, buf, strlen((char*)buf), HAL_MAX_DELAY);
      |                               ^~~
      |                               |
      |                               char *
In file included from ../Core/Inc/stm32f4xx_hal_conf.h:406,
                 from ../Drivers/STM32F4xx_HAL_Driver/Inc/stm32f4xx_hal.h:29,
                 from ../Core/Inc/main.h:30,
                 from ../Core/Src/main.c:20:
../Drivers/STM32F4xx_HAL_Driver/Inc/stm32f4xx_hal_uart.h:722:79: note: expected 'const uint8_t *' {aka 'const unsigned char *'} but argument is of type 'char *'
  722 | HAL_StatusTypeDef HAL_UART_Transmit(UART_HandleTypeDef *huart, const uint8_t *pData, uint16_t Size, uint32_t Timeout);
      |                                                                ~~~~~~~~~~~~~~~^~~~~
../Core/Src/main.c:135:4: warning: implicit declaration of function 'free' [-Wimplicit-function-declaration]
  135 |    free(buf);
      |    ^~~~
../Core/Src/main.c:135:4: warning: incompatible implicit declaration of built-in function 'free'
../Core/Src/main.c:135:4: note: include '<stdlib.h>' or provide a declaration of 'free'
At top level:
../Core/Src/main.c:115:8: warning: 'HAL_UART_RxCpltCallback' defined but not used [-Wunused-function]
  115 |   void HAL_UART_RxCpltCallback(UART_HandleTypeDef *huart)
      |        ^~~~~~~~~~~~~~~~~~~~~~~
arm-none-eabi-gcc -o "f412-gettingstarted.elf" @"objects.list"   -mcpu=cortex-m4 -T"C:\Users\songg\OneDrive\Documents\MPhil_project\Hardware_code\STM32_poject\Learning_1\f412-gettingstarted\STM32F412ZGTX_FLASH.ld" --specs=nosys.specs -Wl,-Map="f412-gettingstarted.map" -Wl,--gc-sections -static --specs=nano.specs -mfpu=fpv4-sp-d16 -mfloat-abi=hard -mthumb -Wl,--start-group -lc -lm -Wl,--end-group
Finished building target: f412-gettingstarted.elf
 
arm-none-eabi-size   f412-gettingstarted.elf 
arm-none-eabi-objdump -h -S  f412-gettingstarted.elf  > "f412-gettingstarted.list"
   text	   data	    bss	    dec	    hex	filename
  20832	    120	   3304	  24256	   5ec0	f412-gettingstarted.elf
Finished building: default.size.stdout
 
Finished building: f412-gettingstarted.list
 
16:49:21 **** Incremental Build of configuration Debug for project f412-gettingstarted ****
make -j16 all 
arm-none-eabi-size   f412-gettingstarted.elf 
   text	   data	    bss	    dec	    hex	filename
  20832	    120	   3304	  24256	   5ec0	f412-gettingstarted.elf
Finished building: default.size.stdout
 
16:51:56 **** Incremental Build of configuration Debug for project f412-gettingstarted ****
make -j16 all 
arm-none-eabi-gcc "../Core/Src/main.c" -mcpu=cortex-m4 -std=gnu11 -g3 -DDEBUG -DUSE_HAL_DRIVER -DSTM32F412Zx -c -I../Core/Inc -I../Drivers/STM32F4xx_HAL_Driver/Inc -I../Drivers/STM32F4xx_HAL_Driver/Inc/Legacy -I../Drivers/CMSIS/Device/ST/STM32F4xx/Include -I../Drivers/CMSIS/Include -O0 -ffunction-sections -fdata-sections -Wall -fstack-usage -MMD -MP -MF"Core/Src/main.d" -MT"Core/Src/main.o" --specs=nano.specs -mfpu=fpv4-sp-d16 -mfloat-abi=hard -mthumb -o "Core/Src/main.o"
../Core/Src/main.c: In function 'HAL_UART_RxCpltCallback':
../Core/Src/main.c:117:35: warning: passing argument 2 of 'HAL_UART_Receive_DMA' makes pointer from integer without a cast [-Wint-conversion]
  117 |     HAL_UART_Receive_DMA(&huart6, NoChannel, 4);
      |                                   ^~~~~~~~~
      |                                   |
      |                                   uint8_t {aka unsigned char}
In file included from ../Core/Inc/stm32f4xx_hal_conf.h:406,
                 from ../Drivers/STM32F4xx_HAL_Driver/Inc/stm32f4xx_hal.h:29,
                 from ../Core/Inc/main.h:30,
                 from ../Core/Src/main.c:20:
../Drivers/STM32F4xx_HAL_Driver/Inc/stm32f4xx_hal_uart.h:727:76: note: expected 'uint8_t *' {aka 'unsigned char *'} but argument is of type 'uint8_t' {aka 'unsigned char'}
  727 | HAL_StatusTypeDef HAL_UART_Receive_DMA(UART_HandleTypeDef *huart, uint8_t *pData, uint16_t Size);
      |                                                                   ~~~~~~~~~^~~~~
../Core/Src/main.c: In function 'main':
../Core/Src/main.c:127:19: warning: implicit declaration of function 'malloc' [-Wimplicit-function-declaration]
  127 |    buf = (char *) malloc(sizeof(value[0]+value[1]+value[2]+value[3])+8);
      |                   ^~~~~~
../Core/Src/main.c:127:19: warning: incompatible implicit declaration of built-in function 'malloc'
../Core/Src/main.c:27:1: note: include '<stdlib.h>' or provide a declaration of 'malloc'
   26 | #include <micros.h>
  +++ |+#include <stdlib.h>
   27 | /* USER CODE END Includes */
../Core/Src/main.c:133:19: warning: format '%x' expects argument of type 'unsigned int', but argument 3 has type 'uint32_t' {aka 'volatile long unsigned int'} [-Wformat=]
  133 |    sprintf(buf,"%0x,%0x,%0x,%0x\r\n",value[0], value[1], value[2], value[3]);
      |                 ~~^                  ~~~~~~~~
      |                   |                       |
      |                   unsigned int            uint32_t {aka volatile long unsigned int}
      |                 %0lx
../Core/Src/main.c:133:23: warning: format '%x' expects argument of type 'unsigned int', but argument 4 has type 'uint32_t' {aka 'volatile long unsigned int'} [-Wformat=]
  133 |    sprintf(buf,"%0x,%0x,%0x,%0x\r\n",value[0], value[1], value[2], value[3]);
      |                     ~~^                        ~~~~~~~~
      |                       |                             |
      |                       unsigned int                  uint32_t {aka volatile long unsigned int}
      |                     %0lx
../Core/Src/main.c:133:27: warning: format '%x' expects argument of type 'unsigned int', but argument 5 has type 'uint32_t' {aka 'volatile long unsigned int'} [-Wformat=]
  133 |    sprintf(buf,"%0x,%0x,%0x,%0x\r\n",value[0], value[1], value[2], value[3]);
      |                         ~~^                              ~~~~~~~~
      |                           |                                   |
      |                           unsigned int                        uint32_t {aka volatile long unsigned int}
      |                         %0lx
../Core/Src/main.c:133:31: warning: format '%x' expects argument of type 'unsigned int', but argument 6 has type 'uint32_t' {aka 'volatile long unsigned int'} [-Wformat=]
  133 |    sprintf(buf,"%0x,%0x,%0x,%0x\r\n",value[0], value[1], value[2], value[3]);
      |                             ~~^                                    ~~~~~~~~
      |                               |                                         |
      |                               unsigned int                              uint32_t {aka volatile long unsigned int}
      |                             %0lx
../Core/Src/main.c:134:31: warning: pointer targets in passing argument 2 of 'HAL_UART_Transmit' differ in signedness [-Wpointer-sign]
  134 |    HAL_UART_Transmit(&huart6, buf, strlen((char*)buf), HAL_MAX_DELAY);
      |                               ^~~
      |                               |
      |                               char *
In file included from ../Core/Inc/stm32f4xx_hal_conf.h:406,
                 from ../Drivers/STM32F4xx_HAL_Driver/Inc/stm32f4xx_hal.h:29,
                 from ../Core/Inc/main.h:30,
                 from ../Core/Src/main.c:20:
../Drivers/STM32F4xx_HAL_Driver/Inc/stm32f4xx_hal_uart.h:722:79: note: expected 'const uint8_t *' {aka 'const unsigned char *'} but argument is of type 'char *'
  722 | HAL_StatusTypeDef HAL_UART_Transmit(UART_HandleTypeDef *huart, const uint8_t *pData, uint16_t Size, uint32_t Timeout);
      |                                                                ~~~~~~~~~~~~~~~^~~~~
../Core/Src/main.c:135:4: warning: implicit declaration of function 'free' [-Wimplicit-function-declaration]
  135 |    free(buf);
      |    ^~~~
../Core/Src/main.c:135:4: warning: incompatible implicit declaration of built-in function 'free'
../Core/Src/main.c:135:4: note: include '<stdlib.h>' or provide a declaration of 'free'
At top level:
../Core/Src/main.c:115:8: warning: 'HAL_UART_RxCpltCallback' defined but not used [-Wunused-function]
  115 |   void HAL_UART_RxCpltCallback(UART_HandleTypeDef *huart)
      |        ^~~~~~~~~~~~~~~~~~~~~~~
arm-none-eabi-gcc -o "f412-gettingstarted.elf" @"objects.list"   -mcpu=cortex-m4 -T"C:\Users\songg\OneDrive\Documents\MPhil_project\Hardware_code\STM32_poject\Learning_1\f412-gettingstarted\STM32F412ZGTX_FLASH.ld" --specs=nosys.specs -Wl,-Map="f412-gettingstarted.map" -Wl,--gc-sections -static --specs=nano.specs -mfpu=fpv4-sp-d16 -mfloat-abi=hard -mthumb -Wl,--start-group -lc -lm -Wl,--end-group
Finished building target: f412-gettingstarted.elf
 
arm-none-eabi-size   f412-gettingstarted.elf 
arm-none-eabi-objdump -h -S  f412-gettingstarted.elf  > "f412-gettingstarted.list"
   text	   data	    bss	    dec	    hex	filename
  19548	    120	   3304	  22972	   59bc	f412-gettingstarted.elf
Finished building: default.size.stdout
 
Finished building: f412-gettingstarted.list
 
16:52:09 **** Incremental Build of configuration Debug for project f412-gettingstarted ****
make -j16 all 
arm-none-eabi-size   f412-gettingstarted.elf 
   text	   data	    bss	    dec	    hex	filename
  19548	    120	   3304	  22972	   59bc	f412-gettingstarted.elf
Finished building: default.size.stdout
 
16:54:23 **** Incremental Build of configuration Debug for project f412-gettingstarted ****
make -j16 all 
arm-none-eabi-gcc "../Core/Src/stm32f4xx_hal_msp.c" -mcpu=cortex-m4 -std=gnu11 -g3 -DDEBUG -DUSE_HAL_DRIVER -DSTM32F412Zx -c -I../Core/Inc -I../Drivers/STM32F4xx_HAL_Driver/Inc -I../Drivers/STM32F4xx_HAL_Driver/Inc/Legacy -I../Drivers/CMSIS/Device/ST/STM32F4xx/Include -I../Drivers/CMSIS/Include -O0 -ffunction-sections -fdata-sections -Wall -fstack-usage -MMD -MP -MF"Core/Src/stm32f4xx_hal_msp.d" -MT"Core/Src/stm32f4xx_hal_msp.o" --specs=nano.specs -mfpu=fpv4-sp-d16 -mfloat-abi=hard -mthumb -o "Core/Src/stm32f4xx_hal_msp.o"
arm-none-eabi-gcc -o "f412-gettingstarted.elf" @"objects.list"   -mcpu=cortex-m4 -T"C:\Users\songg\OneDrive\Documents\MPhil_project\Hardware_code\STM32_poject\Learning_1\f412-gettingstarted\STM32F412ZGTX_FLASH.ld" --specs=nosys.specs -Wl,-Map="f412-gettingstarted.map" -Wl,--gc-sections -static --specs=nano.specs -mfpu=fpv4-sp-d16 -mfloat-abi=hard -mthumb -Wl,--start-group -lc -lm -Wl,--end-group
Finished building target: f412-gettingstarted.elf
 
arm-none-eabi-size   f412-gettingstarted.elf 
arm-none-eabi-objdump -h -S  f412-gettingstarted.elf  > "f412-gettingstarted.list"
   text	   data	    bss	    dec	    hex	filename
  19552	    120	   3304	  22976	   59c0	f412-gettingstarted.elf
Finished building: default.size.stdout
 
Finished building: f412-gettingstarted.list
 
