09:24:56 **** Build of configuration Debug for project f412-gettingstarted ****
make -j16 all 
arm-none-eabi-gcc "../Drivers/STM32F4xx_HAL_Driver/Src/stm32f4xx_hal.c" -mcpu=cortex-m4 -std=gnu11 -g3 -DDEBUG -DUSE_HAL_DRIVER -DSTM32F412Zx -c -I../Core/Inc -I../Drivers/STM32F4xx_HAL_Driver/Inc -I../Drivers/STM32F4xx_HAL_Driver/Inc/Legacy -I../Drivers/CMSIS/Device/ST/STM32F4xx/Include -I../Drivers/CMSIS/Include -O0 -ffunction-sections -fdata-sections -Wall -fstack-usage -MMD -MP -MF"Drivers/STM32F4xx_HAL_Driver/Src/stm32f4xx_hal.d" -MT"Drivers/STM32F4xx_HAL_Driver/Src/stm32f4xx_hal.o" --specs=nano.specs -mfpu=fpv4-sp-d16 -mfloat-abi=hard -mthumb -o "Drivers/STM32F4xx_HAL_Driver/Src/stm32f4xx_hal.o"
arm-none-eabi-gcc "../Drivers/STM32F4xx_HAL_Driver/Src/stm32f4xx_hal_cortex.c" -mcpu=cortex-m4 -std=gnu11 -g3 -DDEBUG -DUSE_HAL_DRIVER -DSTM32F412Zx -c -I../Core/Inc -I../Drivers/STM32F4xx_HAL_Driver/Inc -I../Drivers/STM32F4xx_HAL_Driver/Inc/Legacy -I../Drivers/CMSIS/Device/ST/STM32F4xx/Include -I../Drivers/CMSIS/Include -O0 -ffunction-sections -fdata-sections -Wall -fstack-usage -MMD -MP -MF"Drivers/STM32F4xx_HAL_Driver/Src/stm32f4xx_hal_cortex.d" -MT"Drivers/STM32F4xx_HAL_Driver/Src/stm32f4xx_hal_cortex.o" --specs=nano.specs -mfpu=fpv4-sp-d16 -mfloat-abi=hard -mthumb -o "Drivers/STM32F4xx_HAL_Driver/Src/stm32f4xx_hal_cortex.o"
arm-none-eabi-gcc "../Drivers/STM32F4xx_HAL_Driver/Src/stm32f4xx_hal_dma.c" -mcpu=cortex-m4 -std=gnu11 -g3 -DDEBUG -DUSE_HAL_DRIVER -DSTM32F412Zx -c -I../Core/Inc -I../Drivers/STM32F4xx_HAL_Driver/Inc -I../Drivers/STM32F4xx_HAL_Driver/Inc/Legacy -I../Drivers/CMSIS/Device/ST/STM32F4xx/Include -I../Drivers/CMSIS/Include -O0 -ffunction-sections -fdata-sections -Wall -fstack-usage -MMD -MP -MF"Drivers/STM32F4xx_HAL_Driver/Src/stm32f4xx_hal_dma.d" -MT"Drivers/STM32F4xx_HAL_Driver/Src/stm32f4xx_hal_dma.o" --specs=nano.specs -mfpu=fpv4-sp-d16 -mfloat-abi=hard -mthumb -o "Drivers/STM32F4xx_HAL_Driver/Src/stm32f4xx_hal_dma.o"
arm-none-eabi-gcc "../Drivers/STM32F4xx_HAL_Driver/Src/stm32f4xx_hal_dma_ex.c" -mcpu=cortex-m4 -std=gnu11 -g3 -DDEBUG -DUSE_HAL_DRIVER -DSTM32F412Zx -c -I../Core/Inc -I../Drivers/STM32F4xx_HAL_Driver/Inc -I../Drivers/STM32F4xx_HAL_Driver/Inc/Legacy -I../Drivers/CMSIS/Device/ST/STM32F4xx/Include -I../Drivers/CMSIS/Include -O0 -ffunction-sections -fdata-sections -Wall -fstack-usage -MMD -MP -MF"Drivers/STM32F4xx_HAL_Driver/Src/stm32f4xx_hal_dma_ex.d" -MT"Drivers/STM32F4xx_HAL_Driver/Src/stm32f4xx_hal_dma_ex.o" --specs=nano.specs -mfpu=fpv4-sp-d16 -mfloat-abi=hard -mthumb -o "Drivers/STM32F4xx_HAL_Driver/Src/stm32f4xx_hal_dma_ex.o"
arm-none-eabi-gcc "../Drivers/STM32F4xx_HAL_Driver/Src/stm32f4xx_hal_exti.c" -mcpu=cortex-m4 -std=gnu11 -g3 -DDEBUG -DUSE_HAL_DRIVER -DSTM32F412Zx -c -I../Core/Inc -I../Drivers/STM32F4xx_HAL_Driver/Inc -I../Drivers/STM32F4xx_HAL_Driver/Inc/Legacy -I../Drivers/CMSIS/Device/ST/STM32F4xx/Include -I../Drivers/CMSIS/Include -O0 -ffunction-sections -fdata-sections -Wall -fstack-usage -MMD -MP -MF"Drivers/STM32F4xx_HAL_Driver/Src/stm32f4xx_hal_exti.d" -MT"Drivers/STM32F4xx_HAL_Driver/Src/stm32f4xx_hal_exti.o" --specs=nano.specs -mfpu=fpv4-sp-d16 -mfloat-abi=hard -mthumb -o "Drivers/STM32F4xx_HAL_Driver/Src/stm32f4xx_hal_exti.o"
arm-none-eabi-gcc "../Drivers/STM32F4xx_HAL_Driver/Src/stm32f4xx_hal_flash.c" -mcpu=cortex-m4 -std=gnu11 -g3 -DDEBUG -DUSE_HAL_DRIVER -DSTM32F412Zx -c -I../Core/Inc -I../Drivers/STM32F4xx_HAL_Driver/Inc -I../Drivers/STM32F4xx_HAL_Driver/Inc/Legacy -I../Drivers/CMSIS/Device/ST/STM32F4xx/Include -I../Drivers/CMSIS/Include -O0 -ffunction-sections -fdata-sections -Wall -fstack-usage -MMD -MP -MF"Drivers/STM32F4xx_HAL_Driver/Src/stm32f4xx_hal_flash.d" -MT"Drivers/STM32F4xx_HAL_Driver/Src/stm32f4xx_hal_flash.o" --specs=nano.specs -mfpu=fpv4-sp-d16 -mfloat-abi=hard -mthumb -o "Drivers/STM32F4xx_HAL_Driver/Src/stm32f4xx_hal_flash.o"
arm-none-eabi-gcc "../Drivers/STM32F4xx_HAL_Driver/Src/stm32f4xx_hal_flash_ex.c" -mcpu=cortex-m4 -std=gnu11 -g3 -DDEBUG -DUSE_HAL_DRIVER -DSTM32F412Zx -c -I../Core/Inc -I../Drivers/STM32F4xx_HAL_Driver/Inc -I../Drivers/STM32F4xx_HAL_Driver/Inc/Legacy -I../Drivers/CMSIS/Device/ST/STM32F4xx/Include -I../Drivers/CMSIS/Include -O0 -ffunction-sections -fdata-sections -Wall -fstack-usage -MMD -MP -MF"Drivers/STM32F4xx_HAL_Driver/Src/stm32f4xx_hal_flash_ex.d" -MT"Drivers/STM32F4xx_HAL_Driver/Src/stm32f4xx_hal_flash_ex.o" --specs=nano.specs -mfpu=fpv4-sp-d16 -mfloat-abi=hard -mthumb -o "Drivers/STM32F4xx_HAL_Driver/Src/stm32f4xx_hal_flash_ex.o"
arm-none-eabi-gcc "../Drivers/STM32F4xx_HAL_Driver/Src/stm32f4xx_hal_flash_ramfunc.c" -mcpu=cortex-m4 -std=gnu11 -g3 -DDEBUG -DUSE_HAL_DRIVER -DSTM32F412Zx -c -I../Core/Inc -I../Drivers/STM32F4xx_HAL_Driver/Inc -I../Drivers/STM32F4xx_HAL_Driver/Inc/Legacy -I../Drivers/CMSIS/Device/ST/STM32F4xx/Include -I../Drivers/CMSIS/Include -O0 -ffunction-sections -fdata-sections -Wall -fstack-usage -MMD -MP -MF"Drivers/STM32F4xx_HAL_Driver/Src/stm32f4xx_hal_flash_ramfunc.d" -MT"Drivers/STM32F4xx_HAL_Driver/Src/stm32f4xx_hal_flash_ramfunc.o" --specs=nano.specs -mfpu=fpv4-sp-d16 -mfloat-abi=hard -mthumb -o "Drivers/STM32F4xx_HAL_Driver/Src/stm32f4xx_hal_flash_ramfunc.o"
arm-none-eabi-gcc "../Drivers/STM32F4xx_HAL_Driver/Src/stm32f4xx_hal_gpio.c" -mcpu=cortex-m4 -std=gnu11 -g3 -DDEBUG -DUSE_HAL_DRIVER -DSTM32F412Zx -c -I../Core/Inc -I../Drivers/STM32F4xx_HAL_Driver/Inc -I../Drivers/STM32F4xx_HAL_Driver/Inc/Legacy -I../Drivers/CMSIS/Device/ST/STM32F4xx/Include -I../Drivers/CMSIS/Include -O0 -ffunction-sections -fdata-sections -Wall -fstack-usage -MMD -MP -MF"Drivers/STM32F4xx_HAL_Driver/Src/stm32f4xx_hal_gpio.d" -MT"Drivers/STM32F4xx_HAL_Driver/Src/stm32f4xx_hal_gpio.o" --specs=nano.specs -mfpu=fpv4-sp-d16 -mfloat-abi=hard -mthumb -o "Drivers/STM32F4xx_HAL_Driver/Src/stm32f4xx_hal_gpio.o"
arm-none-eabi-gcc "../Drivers/STM32F4xx_HAL_Driver/Src/stm32f4xx_hal_pcd.c" -mcpu=cortex-m4 -std=gnu11 -g3 -DDEBUG -DUSE_HAL_DRIVER -DSTM32F412Zx -c -I../Core/Inc -I../Drivers/STM32F4xx_HAL_Driver/Inc -I../Drivers/STM32F4xx_HAL_Driver/Inc/Legacy -I../Drivers/CMSIS/Device/ST/STM32F4xx/Include -I../Drivers/CMSIS/Include -O0 -ffunction-sections -fdata-sections -Wall -fstack-usage -MMD -MP -MF"Drivers/STM32F4xx_HAL_Driver/Src/stm32f4xx_hal_pcd.d" -MT"Drivers/STM32F4xx_HAL_Driver/Src/stm32f4xx_hal_pcd.o" --specs=nano.specs -mfpu=fpv4-sp-d16 -mfloat-abi=hard -mthumb -o "Drivers/STM32F4xx_HAL_Driver/Src/stm32f4xx_hal_pcd.o"
arm-none-eabi-gcc "../Drivers/STM32F4xx_HAL_Driver/Src/stm32f4xx_hal_pcd_ex.c" -mcpu=cortex-m4 -std=gnu11 -g3 -DDEBUG -DUSE_HAL_DRIVER -DSTM32F412Zx -c -I../Core/Inc -I../Drivers/STM32F4xx_HAL_Driver/Inc -I../Drivers/STM32F4xx_HAL_Driver/Inc/Legacy -I../Drivers/CMSIS/Device/ST/STM32F4xx/Include -I../Drivers/CMSIS/Include -O0 -ffunction-sections -fdata-sections -Wall -fstack-usage -MMD -MP -MF"Drivers/STM32F4xx_HAL_Driver/Src/stm32f4xx_hal_pcd_ex.d" -MT"Drivers/STM32F4xx_HAL_Driver/Src/stm32f4xx_hal_pcd_ex.o" --specs=nano.specs -mfpu=fpv4-sp-d16 -mfloat-abi=hard -mthumb -o "Drivers/STM32F4xx_HAL_Driver/Src/stm32f4xx_hal_pcd_ex.o"
arm-none-eabi-gcc "../Drivers/STM32F4xx_HAL_Driver/Src/stm32f4xx_hal_pwr.c" -mcpu=cortex-m4 -std=gnu11 -g3 -DDEBUG -DUSE_HAL_DRIVER -DSTM32F412Zx -c -I../Core/Inc -I../Drivers/STM32F4xx_HAL_Driver/Inc -I../Drivers/STM32F4xx_HAL_Driver/Inc/Legacy -I../Drivers/CMSIS/Device/ST/STM32F4xx/Include -I../Drivers/CMSIS/Include -O0 -ffunction-sections -fdata-sections -Wall -fstack-usage -MMD -MP -MF"Drivers/STM32F4xx_HAL_Driver/Src/stm32f4xx_hal_pwr.d" -MT"Drivers/STM32F4xx_HAL_Driver/Src/stm32f4xx_hal_pwr.o" --specs=nano.specs -mfpu=fpv4-sp-d16 -mfloat-abi=hard -mthumb -o "Drivers/STM32F4xx_HAL_Driver/Src/stm32f4xx_hal_pwr.o"
arm-none-eabi-gcc "../Drivers/STM32F4xx_HAL_Driver/Src/stm32f4xx_hal_pwr_ex.c" -mcpu=cortex-m4 -std=gnu11 -g3 -DDEBUG -DUSE_HAL_DRIVER -DSTM32F412Zx -c -I../Core/Inc -I../Drivers/STM32F4xx_HAL_Driver/Inc -I../Drivers/STM32F4xx_HAL_Driver/Inc/Legacy -I../Drivers/CMSIS/Device/ST/STM32F4xx/Include -I../Drivers/CMSIS/Include -O0 -ffunction-sections -fdata-sections -Wall -fstack-usage -MMD -MP -MF"Drivers/STM32F4xx_HAL_Driver/Src/stm32f4xx_hal_pwr_ex.d" -MT"Drivers/STM32F4xx_HAL_Driver/Src/stm32f4xx_hal_pwr_ex.o" --specs=nano.specs -mfpu=fpv4-sp-d16 -mfloat-abi=hard -mthumb -o "Drivers/STM32F4xx_HAL_Driver/Src/stm32f4xx_hal_pwr_ex.o"
arm-none-eabi-gcc "../Drivers/STM32F4xx_HAL_Driver/Src/stm32f4xx_hal_rcc.c" -mcpu=cortex-m4 -std=gnu11 -g3 -DDEBUG -DUSE_HAL_DRIVER -DSTM32F412Zx -c -I../Core/Inc -I../Drivers/STM32F4xx_HAL_Driver/Inc -I../Drivers/STM32F4xx_HAL_Driver/Inc/Legacy -I../Drivers/CMSIS/Device/ST/STM32F4xx/Include -I../Drivers/CMSIS/Include -O0 -ffunction-sections -fdata-sections -Wall -fstack-usage -MMD -MP -MF"Drivers/STM32F4xx_HAL_Driver/Src/stm32f4xx_hal_rcc.d" -MT"Drivers/STM32F4xx_HAL_Driver/Src/stm32f4xx_hal_rcc.o" --specs=nano.specs -mfpu=fpv4-sp-d16 -mfloat-abi=hard -mthumb -o "Drivers/STM32F4xx_HAL_Driver/Src/stm32f4xx_hal_rcc.o"
arm-none-eabi-gcc "../Drivers/STM32F4xx_HAL_Driver/Src/stm32f4xx_hal_rcc_ex.c" -mcpu=cortex-m4 -std=gnu11 -g3 -DDEBUG -DUSE_HAL_DRIVER -DSTM32F412Zx -c -I../Core/Inc -I../Drivers/STM32F4xx_HAL_Driver/Inc -I../Drivers/STM32F4xx_HAL_Driver/Inc/Legacy -I../Drivers/CMSIS/Device/ST/STM32F4xx/Include -I../Drivers/CMSIS/Include -O0 -ffunction-sections -fdata-sections -Wall -fstack-usage -MMD -MP -MF"Drivers/STM32F4xx_HAL_Driver/Src/stm32f4xx_hal_rcc_ex.d" -MT"Drivers/STM32F4xx_HAL_Driver/Src/stm32f4xx_hal_rcc_ex.o" --specs=nano.specs -mfpu=fpv4-sp-d16 -mfloat-abi=hard -mthumb -o "Drivers/STM32F4xx_HAL_Driver/Src/stm32f4xx_hal_rcc_ex.o"
arm-none-eabi-gcc "../Drivers/STM32F4xx_HAL_Driver/Src/stm32f4xx_hal_tim.c" -mcpu=cortex-m4 -std=gnu11 -g3 -DDEBUG -DUSE_HAL_DRIVER -DSTM32F412Zx -c -I../Core/Inc -I../Drivers/STM32F4xx_HAL_Driver/Inc -I../Drivers/STM32F4xx_HAL_Driver/Inc/Legacy -I../Drivers/CMSIS/Device/ST/STM32F4xx/Include -I../Drivers/CMSIS/Include -O0 -ffunction-sections -fdata-sections -Wall -fstack-usage -MMD -MP -MF"Drivers/STM32F4xx_HAL_Driver/Src/stm32f4xx_hal_tim.d" -MT"Drivers/STM32F4xx_HAL_Driver/Src/stm32f4xx_hal_tim.o" --specs=nano.specs -mfpu=fpv4-sp-d16 -mfloat-abi=hard -mthumb -o "Drivers/STM32F4xx_HAL_Driver/Src/stm32f4xx_hal_tim.o"
arm-none-eabi-gcc "../Drivers/STM32F4xx_HAL_Driver/Src/stm32f4xx_hal_tim_ex.c" -mcpu=cortex-m4 -std=gnu11 -g3 -DDEBUG -DUSE_HAL_DRIVER -DSTM32F412Zx -c -I../Core/Inc -I../Drivers/STM32F4xx_HAL_Driver/Inc -I../Drivers/STM32F4xx_HAL_Driver/Inc/Legacy -I../Drivers/CMSIS/Device/ST/STM32F4xx/Include -I../Drivers/CMSIS/Include -O0 -ffunction-sections -fdata-sections -Wall -fstack-usage -MMD -MP -MF"Drivers/STM32F4xx_HAL_Driver/Src/stm32f4xx_hal_tim_ex.d" -MT"Drivers/STM32F4xx_HAL_Driver/Src/stm32f4xx_hal_tim_ex.o" --specs=nano.specs -mfpu=fpv4-sp-d16 -mfloat-abi=hard -mthumb -o "Drivers/STM32F4xx_HAL_Driver/Src/stm32f4xx_hal_tim_ex.o"
arm-none-eabi-gcc "../Drivers/STM32F4xx_HAL_Driver/Src/stm32f4xx_hal_uart.c" -mcpu=cortex-m4 -std=gnu11 -g3 -DDEBUG -DUSE_HAL_DRIVER -DSTM32F412Zx -c -I../Core/Inc -I../Drivers/STM32F4xx_HAL_Driver/Inc -I../Drivers/STM32F4xx_HAL_Driver/Inc/Legacy -I../Drivers/CMSIS/Device/ST/STM32F4xx/Include -I../Drivers/CMSIS/Include -O0 -ffunction-sections -fdata-sections -Wall -fstack-usage -MMD -MP -MF"Drivers/STM32F4xx_HAL_Driver/Src/stm32f4xx_hal_uart.d" -MT"Drivers/STM32F4xx_HAL_Driver/Src/stm32f4xx_hal_uart.o" --specs=nano.specs -mfpu=fpv4-sp-d16 -mfloat-abi=hard -mthumb -o "Drivers/STM32F4xx_HAL_Driver/Src/stm32f4xx_hal_uart.o"
arm-none-eabi-gcc "../Drivers/STM32F4xx_HAL_Driver/Src/stm32f4xx_ll_usb.c" -mcpu=cortex-m4 -std=gnu11 -g3 -DDEBUG -DUSE_HAL_DRIVER -DSTM32F412Zx -c -I../Core/Inc -I../Drivers/STM32F4xx_HAL_Driver/Inc -I../Drivers/STM32F4xx_HAL_Driver/Inc/Legacy -I../Drivers/CMSIS/Device/ST/STM32F4xx/Include -I../Drivers/CMSIS/Include -O0 -ffunction-sections -fdata-sections -Wall -fstack-usage -MMD -MP -MF"Drivers/STM32F4xx_HAL_Driver/Src/stm32f4xx_ll_usb.d" -MT"Drivers/STM32F4xx_HAL_Driver/Src/stm32f4xx_ll_usb.o" --specs=nano.specs -mfpu=fpv4-sp-d16 -mfloat-abi=hard -mthumb -o "Drivers/STM32F4xx_HAL_Driver/Src/stm32f4xx_ll_usb.o"
arm-none-eabi-gcc -mcpu=cortex-m4 -g3 -DDEBUG -c -x assembler-with-cpp -MMD -MP -MF"Core/Startup/startup_stm32f412zgtx.d" -MT"Core/Startup/startup_stm32f412zgtx.o" --specs=nano.specs -mfpu=fpv4-sp-d16 -mfloat-abi=hard -mthumb -o "Core/Startup/startup_stm32f412zgtx.o" "../Core/Startup/startup_stm32f412zgtx.s"
arm-none-eabi-gcc "../Core/Src/main.c" -mcpu=cortex-m4 -std=gnu11 -g3 -DDEBUG -DUSE_HAL_DRIVER -DSTM32F412Zx -c -I../Core/Inc -I../Drivers/STM32F4xx_HAL_Driver/Inc -I../Drivers/STM32F4xx_HAL_Driver/Inc/Legacy -I../Drivers/CMSIS/Device/ST/STM32F4xx/Include -I../Drivers/CMSIS/Include -O0 -ffunction-sections -fdata-sections -Wall -fstack-usage -MMD -MP -MF"Core/Src/main.d" -MT"Core/Src/main.o" --specs=nano.specs -mfpu=fpv4-sp-d16 -mfloat-abi=hard -mthumb -o "Core/Src/main.o"
arm-none-eabi-gcc "../Core/Src/stm32f4xx_hal_msp.c" -mcpu=cortex-m4 -std=gnu11 -g3 -DDEBUG -DUSE_HAL_DRIVER -DSTM32F412Zx -c -I../Core/Inc -I../Drivers/STM32F4xx_HAL_Driver/Inc -I../Drivers/STM32F4xx_HAL_Driver/Inc/Legacy -I../Drivers/CMSIS/Device/ST/STM32F4xx/Include -I../Drivers/CMSIS/Include -O0 -ffunction-sections -fdata-sections -Wall -fstack-usage -MMD -MP -MF"Core/Src/stm32f4xx_hal_msp.d" -MT"Core/Src/stm32f4xx_hal_msp.o" --specs=nano.specs -mfpu=fpv4-sp-d16 -mfloat-abi=hard -mthumb -o "Core/Src/stm32f4xx_hal_msp.o"
arm-none-eabi-gcc "../Core/Src/stm32f4xx_it.c" -mcpu=cortex-m4 -std=gnu11 -g3 -DDEBUG -DUSE_HAL_DRIVER -DSTM32F412Zx -c -I../Core/Inc -I../Drivers/STM32F4xx_HAL_Driver/Inc -I../Drivers/STM32F4xx_HAL_Driver/Inc/Legacy -I../Drivers/CMSIS/Device/ST/STM32F4xx/Include -I../Drivers/CMSIS/Include -O0 -ffunction-sections -fdata-sections -Wall -fstack-usage -MMD -MP -MF"Core/Src/stm32f4xx_it.d" -MT"Core/Src/stm32f4xx_it.o" --specs=nano.specs -mfpu=fpv4-sp-d16 -mfloat-abi=hard -mthumb -o "Core/Src/stm32f4xx_it.o"
arm-none-eabi-gcc "../Core/Src/syscalls.c" -mcpu=cortex-m4 -std=gnu11 -g3 -DDEBUG -DUSE_HAL_DRIVER -DSTM32F412Zx -c -I../Core/Inc -I../Drivers/STM32F4xx_HAL_Driver/Inc -I../Drivers/STM32F4xx_HAL_Driver/Inc/Legacy -I../Drivers/CMSIS/Device/ST/STM32F4xx/Include -I../Drivers/CMSIS/Include -O0 -ffunction-sections -fdata-sections -Wall -fstack-usage -MMD -MP -MF"Core/Src/syscalls.d" -MT"Core/Src/syscalls.o" --specs=nano.specs -mfpu=fpv4-sp-d16 -mfloat-abi=hard -mthumb -o "Core/Src/syscalls.o"
arm-none-eabi-gcc "../Core/Src/sysmem.c" -mcpu=cortex-m4 -std=gnu11 -g3 -DDEBUG -DUSE_HAL_DRIVER -DSTM32F412Zx -c -I../Core/Inc -I../Drivers/STM32F4xx_HAL_Driver/Inc -I../Drivers/STM32F4xx_HAL_Driver/Inc/Legacy -I../Drivers/CMSIS/Device/ST/STM32F4xx/Include -I../Drivers/CMSIS/Include -O0 -ffunction-sections -fdata-sections -Wall -fstack-usage -MMD -MP -MF"Core/Src/sysmem.d" -MT"Core/Src/sysmem.o" --specs=nano.specs -mfpu=fpv4-sp-d16 -mfloat-abi=hard -mthumb -o "Core/Src/sysmem.o"
arm-none-eabi-gcc "../Core/Src/system_stm32f4xx.c" -mcpu=cortex-m4 -std=gnu11 -g3 -DDEBUG -DUSE_HAL_DRIVER -DSTM32F412Zx -c -I../Core/Inc -I../Drivers/STM32F4xx_HAL_Driver/Inc -I../Drivers/STM32F4xx_HAL_Driver/Inc/Legacy -I../Drivers/CMSIS/Device/ST/STM32F4xx/Include -I../Drivers/CMSIS/Include -O0 -ffunction-sections -fdata-sections -Wall -fstack-usage -MMD -MP -MF"Core/Src/system_stm32f4xx.d" -MT"Core/Src/system_stm32f4xx.o" --specs=nano.specs -mfpu=fpv4-sp-d16 -mfloat-abi=hard -mthumb -o "Core/Src/system_stm32f4xx.o"
arm-none-eabi-gcc -o "f412-gettingstarted.elf" @"objects.list"   -mcpu=cortex-m4 -T"D:\STM32_poject\Learning_1\f412-gettingstarted\STM32F412ZGTX_FLASH.ld" --specs=nosys.specs -Wl,-Map="f412-gettingstarted.map" -Wl,--gc-sections -static --specs=nano.specs -mfpu=fpv4-sp-d16 -mfloat-abi=hard -mthumb -Wl,--start-group -lc -lm -Wl,--end-group
Finished building target: f412-gettingstarted.elf
 
arm-none-eabi-size   f412-gettingstarted.elf 
arm-none-eabi-objdump -h -S  f412-gettingstarted.elf  > "f412-gettingstarted.list"
   text	   data	    bss	    dec	    hex	filename
  11452	     20	   2932	  14404	   3844	f412-gettingstarted.elf
Finished building: default.size.stdout
 
Finished building: f412-gettingstarted.list
 
09:25:08 **** Incremental Build of configuration Debug for project f412-gettingstarted ****
make -j16 all 
arm-none-eabi-size   f412-gettingstarted.elf 
   text	   data	    bss	    dec	    hex	filename
  11452	     20	   2932	  14404	   3844	f412-gettingstarted.elf
Finished building: default.size.stdout
 
11:17:22 **** Incremental Build of configuration Debug for project f412-gettingstarted ****
make -j16 all 
arm-none-eabi-gcc "../Core/Src/main.c" -mcpu=cortex-m4 -std=gnu11 -g3 -DDEBUG -DUSE_HAL_DRIVER -DSTM32F412Zx -c -I../Core/Inc -I../Drivers/STM32F4xx_HAL_Driver/Inc -I../Drivers/STM32F4xx_HAL_Driver/Inc/Legacy -I../Drivers/CMSIS/Device/ST/STM32F4xx/Include -I../Drivers/CMSIS/Include -O0 -ffunction-sections -fdata-sections -Wall -fstack-usage -MMD -MP -MF"Core/Src/main.d" -MT"Core/Src/main.o" --specs=nano.specs -mfpu=fpv4-sp-d16 -mfloat-abi=hard -mthumb -o "Core/Src/main.o"
../Core/Src/main.c: In function 'main':
../Core/Src/main.c:104:4: warning: implicit declaration of function 'strpy'; did you mean 'strcpy'? [-Wimplicit-function-declaration]
  104 |    strpy((char*)buf, "Hello!\r\n");
      |    ^~~~~
      |    strcpy
arm-none-eabi-gcc -o "f412-gettingstarted.elf" @"objects.list"   -mcpu=cortex-m4 -T"D:\STM32_poject\Learning_1\f412-gettingstarted\STM32F412ZGTX_FLASH.ld" --specs=nosys.specs -Wl,-Map="f412-gettingstarted.map" -Wl,--gc-sections -static --specs=nano.specs -mfpu=fpv4-sp-d16 -mfloat-abi=hard -mthumb -Wl,--start-group -lc -lm -Wl,--end-group
d:\st\stm32cubeide_1.11.0\stm32cubeide\plugins\com.st.stm32cube.ide.mcu.externaltools.gnu-tools-for-stm32.10.3-2021.10.win32_1.0.100.202210260954\tools\arm-none-eabi\bin\ld.exe: ./Core/Src/main.o: in function `main':
D:/STM32_poject/Learning_1/f412-gettingstarted/Debug/../Core/Src/main.c:104: undefined reference to `strpy'
collect2.exe: error: ld returned 1 exit status
make: *** [makefile:64: f412-gettingstarted.elf] Error 1
"make -j16 all" terminated with exit code 2. Build might be incomplete.
11:18:03 **** Incremental Build of configuration Debug for project f412-gettingstarted ****
make -j16 all 
arm-none-eabi-gcc "../Core/Src/main.c" -mcpu=cortex-m4 -std=gnu11 -g3 -DDEBUG -DUSE_HAL_DRIVER -DSTM32F412Zx -c -I../Core/Inc -I../Drivers/STM32F4xx_HAL_Driver/Inc -I../Drivers/STM32F4xx_HAL_Driver/Inc/Legacy -I../Drivers/CMSIS/Device/ST/STM32F4xx/Include -I../Drivers/CMSIS/Include -O0 -ffunction-sections -fdata-sections -Wall -fstack-usage -MMD -MP -MF"Core/Src/main.d" -MT"Core/Src/main.o" --specs=nano.specs -mfpu=fpv4-sp-d16 -mfloat-abi=hard -mthumb -o "Core/Src/main.o"
arm-none-eabi-gcc -o "f412-gettingstarted.elf" @"objects.list"   -mcpu=cortex-m4 -T"D:\STM32_poject\Learning_1\f412-gettingstarted\STM32F412ZGTX_FLASH.ld" --specs=nosys.specs -Wl,-Map="f412-gettingstarted.map" -Wl,--gc-sections -static --specs=nano.specs -mfpu=fpv4-sp-d16 -mfloat-abi=hard -mthumb -Wl,--start-group -lc -lm -Wl,--end-group
Finished building target: f412-gettingstarted.elf
 
arm-none-eabi-size   f412-gettingstarted.elf 
arm-none-eabi-objdump -h -S  f412-gettingstarted.elf  > "f412-gettingstarted.list"
   text	   data	    bss	    dec	    hex	filename
  12036	     20	   2932	  14988	   3a8c	f412-gettingstarted.elf
Finished building: default.size.stdout
 
Finished building: f412-gettingstarted.list
 
11:19:15 **** Incremental Build of configuration Debug for project f412-gettingstarted ****
make -j16 all 
arm-none-eabi-gcc "../Core/Src/main.c" -mcpu=cortex-m4 -std=gnu11 -g3 -DDEBUG -DUSE_HAL_DRIVER -DSTM32F412Zx -c -I../Core/Inc -I../Drivers/STM32F4xx_HAL_Driver/Inc -I../Drivers/STM32F4xx_HAL_Driver/Inc/Legacy -I../Drivers/CMSIS/Device/ST/STM32F4xx/Include -I../Drivers/CMSIS/Include -O0 -ffunction-sections -fdata-sections -Wall -fstack-usage -MMD -MP -MF"Core/Src/main.d" -MT"Core/Src/main.o" --specs=nano.specs -mfpu=fpv4-sp-d16 -mfloat-abi=hard -mthumb -o "Core/Src/main.o"
arm-none-eabi-gcc -o "f412-gettingstarted.elf" @"objects.list"   -mcpu=cortex-m4 -T"D:\STM32_poject\Learning_1\f412-gettingstarted\STM32F412ZGTX_FLASH.ld" --specs=nosys.specs -Wl,-Map="f412-gettingstarted.map" -Wl,--gc-sections -static --specs=nano.specs -mfpu=fpv4-sp-d16 -mfloat-abi=hard -mthumb -Wl,--start-group -lc -lm -Wl,--end-group
Finished building target: f412-gettingstarted.elf
 
arm-none-eabi-size   f412-gettingstarted.elf 
arm-none-eabi-objdump -h -S  f412-gettingstarted.elf  > "f412-gettingstarted.list"
   text	   data	    bss	    dec	    hex	filename
  11964	     20	   2932	  14916	   3a44	f412-gettingstarted.elf
Finished building: default.size.stdout
 
Finished building: f412-gettingstarted.list
 
11:19:34 **** Incremental Build of configuration Debug for project f412-gettingstarted ****
make -j16 all 
arm-none-eabi-size   f412-gettingstarted.elf 
   text	   data	    bss	    dec	    hex	filename
  11964	     20	   2932	  14916	   3a44	f412-gettingstarted.elf
Finished building: default.size.stdout
 
12:05:00 **** Incremental Build of configuration Debug for project f412-gettingstarted ****
make -j16 all 
arm-none-eabi-gcc "../Drivers/STM32F4xx_HAL_Driver/Src/stm32f4xx_hal.c" -mcpu=cortex-m4 -std=gnu11 -g3 -DDEBUG -DUSE_HAL_DRIVER -DSTM32F412Zx -c -I../Core/Inc -I../Drivers/STM32F4xx_HAL_Driver/Inc -I../Drivers/STM32F4xx_HAL_Driver/Inc/Legacy -I../Drivers/CMSIS/Device/ST/STM32F4xx/Include -I../Drivers/CMSIS/Include -O0 -ffunction-sections -fdata-sections -Wall -fstack-usage -MMD -MP -MF"Drivers/STM32F4xx_HAL_Driver/Src/stm32f4xx_hal.d" -MT"Drivers/STM32F4xx_HAL_Driver/Src/stm32f4xx_hal.o" --specs=nano.specs -mfpu=fpv4-sp-d16 -mfloat-abi=hard -mthumb -o "Drivers/STM32F4xx_HAL_Driver/Src/stm32f4xx_hal.o"
arm-none-eabi-gcc "../Drivers/STM32F4xx_HAL_Driver/Src/stm32f4xx_hal_adc.c" -mcpu=cortex-m4 -std=gnu11 -g3 -DDEBUG -DUSE_HAL_DRIVER -DSTM32F412Zx -c -I../Core/Inc -I../Drivers/STM32F4xx_HAL_Driver/Inc -I../Drivers/STM32F4xx_HAL_Driver/Inc/Legacy -I../Drivers/CMSIS/Device/ST/STM32F4xx/Include -I../Drivers/CMSIS/Include -O0 -ffunction-sections -fdata-sections -Wall -fstack-usage -MMD -MP -MF"Drivers/STM32F4xx_HAL_Driver/Src/stm32f4xx_hal_adc.d" -MT"Drivers/STM32F4xx_HAL_Driver/Src/stm32f4xx_hal_adc.o" --specs=nano.specs -mfpu=fpv4-sp-d16 -mfloat-abi=hard -mthumb -o "Drivers/STM32F4xx_HAL_Driver/Src/stm32f4xx_hal_adc.o"
arm-none-eabi-gcc "../Drivers/STM32F4xx_HAL_Driver/Src/stm32f4xx_hal_adc_ex.c" -mcpu=cortex-m4 -std=gnu11 -g3 -DDEBUG -DUSE_HAL_DRIVER -DSTM32F412Zx -c -I../Core/Inc -I../Drivers/STM32F4xx_HAL_Driver/Inc -I../Drivers/STM32F4xx_HAL_Driver/Inc/Legacy -I../Drivers/CMSIS/Device/ST/STM32F4xx/Include -I../Drivers/CMSIS/Include -O0 -ffunction-sections -fdata-sections -Wall -fstack-usage -MMD -MP -MF"Drivers/STM32F4xx_HAL_Driver/Src/stm32f4xx_hal_adc_ex.d" -MT"Drivers/STM32F4xx_HAL_Driver/Src/stm32f4xx_hal_adc_ex.o" --specs=nano.specs -mfpu=fpv4-sp-d16 -mfloat-abi=hard -mthumb -o "Drivers/STM32F4xx_HAL_Driver/Src/stm32f4xx_hal_adc_ex.o"
arm-none-eabi-gcc "../Drivers/STM32F4xx_HAL_Driver/Src/stm32f4xx_hal_cortex.c" -mcpu=cortex-m4 -std=gnu11 -g3 -DDEBUG -DUSE_HAL_DRIVER -DSTM32F412Zx -c -I../Core/Inc -I../Drivers/STM32F4xx_HAL_Driver/Inc -I../Drivers/STM32F4xx_HAL_Driver/Inc/Legacy -I../Drivers/CMSIS/Device/ST/STM32F4xx/Include -I../Drivers/CMSIS/Include -O0 -ffunction-sections -fdata-sections -Wall -fstack-usage -MMD -MP -MF"Drivers/STM32F4xx_HAL_Driver/Src/stm32f4xx_hal_cortex.d" -MT"Drivers/STM32F4xx_HAL_Driver/Src/stm32f4xx_hal_cortex.o" --specs=nano.specs -mfpu=fpv4-sp-d16 -mfloat-abi=hard -mthumb -o "Drivers/STM32F4xx_HAL_Driver/Src/stm32f4xx_hal_cortex.o"
arm-none-eabi-gcc "../Drivers/STM32F4xx_HAL_Driver/Src/stm32f4xx_hal_dma.c" -mcpu=cortex-m4 -std=gnu11 -g3 -DDEBUG -DUSE_HAL_DRIVER -DSTM32F412Zx -c -I../Core/Inc -I../Drivers/STM32F4xx_HAL_Driver/Inc -I../Drivers/STM32F4xx_HAL_Driver/Inc/Legacy -I../Drivers/CMSIS/Device/ST/STM32F4xx/Include -I../Drivers/CMSIS/Include -O0 -ffunction-sections -fdata-sections -Wall -fstack-usage -MMD -MP -MF"Drivers/STM32F4xx_HAL_Driver/Src/stm32f4xx_hal_dma.d" -MT"Drivers/STM32F4xx_HAL_Driver/Src/stm32f4xx_hal_dma.o" --specs=nano.specs -mfpu=fpv4-sp-d16 -mfloat-abi=hard -mthumb -o "Drivers/STM32F4xx_HAL_Driver/Src/stm32f4xx_hal_dma.o"
arm-none-eabi-gcc "../Drivers/STM32F4xx_HAL_Driver/Src/stm32f4xx_hal_dma_ex.c" -mcpu=cortex-m4 -std=gnu11 -g3 -DDEBUG -DUSE_HAL_DRIVER -DSTM32F412Zx -c -I../Core/Inc -I../Drivers/STM32F4xx_HAL_Driver/Inc -I../Drivers/STM32F4xx_HAL_Driver/Inc/Legacy -I../Drivers/CMSIS/Device/ST/STM32F4xx/Include -I../Drivers/CMSIS/Include -O0 -ffunction-sections -fdata-sections -Wall -fstack-usage -MMD -MP -MF"Drivers/STM32F4xx_HAL_Driver/Src/stm32f4xx_hal_dma_ex.d" -MT"Drivers/STM32F4xx_HAL_Driver/Src/stm32f4xx_hal_dma_ex.o" --specs=nano.specs -mfpu=fpv4-sp-d16 -mfloat-abi=hard -mthumb -o "Drivers/STM32F4xx_HAL_Driver/Src/stm32f4xx_hal_dma_ex.o"
arm-none-eabi-gcc "../Drivers/STM32F4xx_HAL_Driver/Src/stm32f4xx_hal_exti.c" -mcpu=cortex-m4 -std=gnu11 -g3 -DDEBUG -DUSE_HAL_DRIVER -DSTM32F412Zx -c -I../Core/Inc -I../Drivers/STM32F4xx_HAL_Driver/Inc -I../Drivers/STM32F4xx_HAL_Driver/Inc/Legacy -I../Drivers/CMSIS/Device/ST/STM32F4xx/Include -I../Drivers/CMSIS/Include -O0 -ffunction-sections -fdata-sections -Wall -fstack-usage -MMD -MP -MF"Drivers/STM32F4xx_HAL_Driver/Src/stm32f4xx_hal_exti.d" -MT"Drivers/STM32F4xx_HAL_Driver/Src/stm32f4xx_hal_exti.o" --specs=nano.specs -mfpu=fpv4-sp-d16 -mfloat-abi=hard -mthumb -o "Drivers/STM32F4xx_HAL_Driver/Src/stm32f4xx_hal_exti.o"
arm-none-eabi-gcc "../Drivers/STM32F4xx_HAL_Driver/Src/stm32f4xx_hal_flash.c" -mcpu=cortex-m4 -std=gnu11 -g3 -DDEBUG -DUSE_HAL_DRIVER -DSTM32F412Zx -c -I../Core/Inc -I../Drivers/STM32F4xx_HAL_Driver/Inc -I../Drivers/STM32F4xx_HAL_Driver/Inc/Legacy -I../Drivers/CMSIS/Device/ST/STM32F4xx/Include -I../Drivers/CMSIS/Include -O0 -ffunction-sections -fdata-sections -Wall -fstack-usage -MMD -MP -MF"Drivers/STM32F4xx_HAL_Driver/Src/stm32f4xx_hal_flash.d" -MT"Drivers/STM32F4xx_HAL_Driver/Src/stm32f4xx_hal_flash.o" --specs=nano.specs -mfpu=fpv4-sp-d16 -mfloat-abi=hard -mthumb -o "Drivers/STM32F4xx_HAL_Driver/Src/stm32f4xx_hal_flash.o"
arm-none-eabi-gcc "../Drivers/STM32F4xx_HAL_Driver/Src/stm32f4xx_hal_flash_ex.c" -mcpu=cortex-m4 -std=gnu11 -g3 -DDEBUG -DUSE_HAL_DRIVER -DSTM32F412Zx -c -I../Core/Inc -I../Drivers/STM32F4xx_HAL_Driver/Inc -I../Drivers/STM32F4xx_HAL_Driver/Inc/Legacy -I../Drivers/CMSIS/Device/ST/STM32F4xx/Include -I../Drivers/CMSIS/Include -O0 -ffunction-sections -fdata-sections -Wall -fstack-usage -MMD -MP -MF"Drivers/STM32F4xx_HAL_Driver/Src/stm32f4xx_hal_flash_ex.d" -MT"Drivers/STM32F4xx_HAL_Driver/Src/stm32f4xx_hal_flash_ex.o" --specs=nano.specs -mfpu=fpv4-sp-d16 -mfloat-abi=hard -mthumb -o "Drivers/STM32F4xx_HAL_Driver/Src/stm32f4xx_hal_flash_ex.o"
arm-none-eabi-gcc "../Drivers/STM32F4xx_HAL_Driver/Src/stm32f4xx_hal_flash_ramfunc.c" -mcpu=cortex-m4 -std=gnu11 -g3 -DDEBUG -DUSE_HAL_DRIVER -DSTM32F412Zx -c -I../Core/Inc -I../Drivers/STM32F4xx_HAL_Driver/Inc -I../Drivers/STM32F4xx_HAL_Driver/Inc/Legacy -I../Drivers/CMSIS/Device/ST/STM32F4xx/Include -I../Drivers/CMSIS/Include -O0 -ffunction-sections -fdata-sections -Wall -fstack-usage -MMD -MP -MF"Drivers/STM32F4xx_HAL_Driver/Src/stm32f4xx_hal_flash_ramfunc.d" -MT"Drivers/STM32F4xx_HAL_Driver/Src/stm32f4xx_hal_flash_ramfunc.o" --specs=nano.specs -mfpu=fpv4-sp-d16 -mfloat-abi=hard -mthumb -o "Drivers/STM32F4xx_HAL_Driver/Src/stm32f4xx_hal_flash_ramfunc.o"
arm-none-eabi-gcc "../Drivers/STM32F4xx_HAL_Driver/Src/stm32f4xx_hal_gpio.c" -mcpu=cortex-m4 -std=gnu11 -g3 -DDEBUG -DUSE_HAL_DRIVER -DSTM32F412Zx -c -I../Core/Inc -I../Drivers/STM32F4xx_HAL_Driver/Inc -I../Drivers/STM32F4xx_HAL_Driver/Inc/Legacy -I../Drivers/CMSIS/Device/ST/STM32F4xx/Include -I../Drivers/CMSIS/Include -O0 -ffunction-sections -fdata-sections -Wall -fstack-usage -MMD -MP -MF"Drivers/STM32F4xx_HAL_Driver/Src/stm32f4xx_hal_gpio.d" -MT"Drivers/STM32F4xx_HAL_Driver/Src/stm32f4xx_hal_gpio.o" --specs=nano.specs -mfpu=fpv4-sp-d16 -mfloat-abi=hard -mthumb -o "Drivers/STM32F4xx_HAL_Driver/Src/stm32f4xx_hal_gpio.o"
arm-none-eabi-gcc "../Drivers/STM32F4xx_HAL_Driver/Src/stm32f4xx_hal_pcd.c" -mcpu=cortex-m4 -std=gnu11 -g3 -DDEBUG -DUSE_HAL_DRIVER -DSTM32F412Zx -c -I../Core/Inc -I../Drivers/STM32F4xx_HAL_Driver/Inc -I../Drivers/STM32F4xx_HAL_Driver/Inc/Legacy -I../Drivers/CMSIS/Device/ST/STM32F4xx/Include -I../Drivers/CMSIS/Include -O0 -ffunction-sections -fdata-sections -Wall -fstack-usage -MMD -MP -MF"Drivers/STM32F4xx_HAL_Driver/Src/stm32f4xx_hal_pcd.d" -MT"Drivers/STM32F4xx_HAL_Driver/Src/stm32f4xx_hal_pcd.o" --specs=nano.specs -mfpu=fpv4-sp-d16 -mfloat-abi=hard -mthumb -o "Drivers/STM32F4xx_HAL_Driver/Src/stm32f4xx_hal_pcd.o"
arm-none-eabi-gcc "../Drivers/STM32F4xx_HAL_Driver/Src/stm32f4xx_hal_pcd_ex.c" -mcpu=cortex-m4 -std=gnu11 -g3 -DDEBUG -DUSE_HAL_DRIVER -DSTM32F412Zx -c -I../Core/Inc -I../Drivers/STM32F4xx_HAL_Driver/Inc -I../Drivers/STM32F4xx_HAL_Driver/Inc/Legacy -I../Drivers/CMSIS/Device/ST/STM32F4xx/Include -I../Drivers/CMSIS/Include -O0 -ffunction-sections -fdata-sections -Wall -fstack-usage -MMD -MP -MF"Drivers/STM32F4xx_HAL_Driver/Src/stm32f4xx_hal_pcd_ex.d" -MT"Drivers/STM32F4xx_HAL_Driver/Src/stm32f4xx_hal_pcd_ex.o" --specs=nano.specs -mfpu=fpv4-sp-d16 -mfloat-abi=hard -mthumb -o "Drivers/STM32F4xx_HAL_Driver/Src/stm32f4xx_hal_pcd_ex.o"
arm-none-eabi-gcc "../Drivers/STM32F4xx_HAL_Driver/Src/stm32f4xx_hal_pwr.c" -mcpu=cortex-m4 -std=gnu11 -g3 -DDEBUG -DUSE_HAL_DRIVER -DSTM32F412Zx -c -I../Core/Inc -I../Drivers/STM32F4xx_HAL_Driver/Inc -I../Drivers/STM32F4xx_HAL_Driver/Inc/Legacy -I../Drivers/CMSIS/Device/ST/STM32F4xx/Include -I../Drivers/CMSIS/Include -O0 -ffunction-sections -fdata-sections -Wall -fstack-usage -MMD -MP -MF"Drivers/STM32F4xx_HAL_Driver/Src/stm32f4xx_hal_pwr.d" -MT"Drivers/STM32F4xx_HAL_Driver/Src/stm32f4xx_hal_pwr.o" --specs=nano.specs -mfpu=fpv4-sp-d16 -mfloat-abi=hard -mthumb -o "Drivers/STM32F4xx_HAL_Driver/Src/stm32f4xx_hal_pwr.o"
arm-none-eabi-gcc "../Drivers/STM32F4xx_HAL_Driver/Src/stm32f4xx_hal_pwr_ex.c" -mcpu=cortex-m4 -std=gnu11 -g3 -DDEBUG -DUSE_HAL_DRIVER -DSTM32F412Zx -c -I../Core/Inc -I../Drivers/STM32F4xx_HAL_Driver/Inc -I../Drivers/STM32F4xx_HAL_Driver/Inc/Legacy -I../Drivers/CMSIS/Device/ST/STM32F4xx/Include -I../Drivers/CMSIS/Include -O0 -ffunction-sections -fdata-sections -Wall -fstack-usage -MMD -MP -MF"Drivers/STM32F4xx_HAL_Driver/Src/stm32f4xx_hal_pwr_ex.d" -MT"Drivers/STM32F4xx_HAL_Driver/Src/stm32f4xx_hal_pwr_ex.o" --specs=nano.specs -mfpu=fpv4-sp-d16 -mfloat-abi=hard -mthumb -o "Drivers/STM32F4xx_HAL_Driver/Src/stm32f4xx_hal_pwr_ex.o"
arm-none-eabi-gcc "../Drivers/STM32F4xx_HAL_Driver/Src/stm32f4xx_hal_rcc.c" -mcpu=cortex-m4 -std=gnu11 -g3 -DDEBUG -DUSE_HAL_DRIVER -DSTM32F412Zx -c -I../Core/Inc -I../Drivers/STM32F4xx_HAL_Driver/Inc -I../Drivers/STM32F4xx_HAL_Driver/Inc/Legacy -I../Drivers/CMSIS/Device/ST/STM32F4xx/Include -I../Drivers/CMSIS/Include -O0 -ffunction-sections -fdata-sections -Wall -fstack-usage -MMD -MP -MF"Drivers/STM32F4xx_HAL_Driver/Src/stm32f4xx_hal_rcc.d" -MT"Drivers/STM32F4xx_HAL_Driver/Src/stm32f4xx_hal_rcc.o" --specs=nano.specs -mfpu=fpv4-sp-d16 -mfloat-abi=hard -mthumb -o "Drivers/STM32F4xx_HAL_Driver/Src/stm32f4xx_hal_rcc.o"
arm-none-eabi-gcc "../Drivers/STM32F4xx_HAL_Driver/Src/stm32f4xx_hal_rcc_ex.c" -mcpu=cortex-m4 -std=gnu11 -g3 -DDEBUG -DUSE_HAL_DRIVER -DSTM32F412Zx -c -I../Core/Inc -I../Drivers/STM32F4xx_HAL_Driver/Inc -I../Drivers/STM32F4xx_HAL_Driver/Inc/Legacy -I../Drivers/CMSIS/Device/ST/STM32F4xx/Include -I../Drivers/CMSIS/Include -O0 -ffunction-sections -fdata-sections -Wall -fstack-usage -MMD -MP -MF"Drivers/STM32F4xx_HAL_Driver/Src/stm32f4xx_hal_rcc_ex.d" -MT"Drivers/STM32F4xx_HAL_Driver/Src/stm32f4xx_hal_rcc_ex.o" --specs=nano.specs -mfpu=fpv4-sp-d16 -mfloat-abi=hard -mthumb -o "Drivers/STM32F4xx_HAL_Driver/Src/stm32f4xx_hal_rcc_ex.o"
arm-none-eabi-gcc "../Drivers/STM32F4xx_HAL_Driver/Src/stm32f4xx_hal_tim.c" -mcpu=cortex-m4 -std=gnu11 -g3 -DDEBUG -DUSE_HAL_DRIVER -DSTM32F412Zx -c -I../Core/Inc -I../Drivers/STM32F4xx_HAL_Driver/Inc -I../Drivers/STM32F4xx_HAL_Driver/Inc/Legacy -I../Drivers/CMSIS/Device/ST/STM32F4xx/Include -I../Drivers/CMSIS/Include -O0 -ffunction-sections -fdata-sections -Wall -fstack-usage -MMD -MP -MF"Drivers/STM32F4xx_HAL_Driver/Src/stm32f4xx_hal_tim.d" -MT"Drivers/STM32F4xx_HAL_Driver/Src/stm32f4xx_hal_tim.o" --specs=nano.specs -mfpu=fpv4-sp-d16 -mfloat-abi=hard -mthumb -o "Drivers/STM32F4xx_HAL_Driver/Src/stm32f4xx_hal_tim.o"
arm-none-eabi-gcc "../Drivers/STM32F4xx_HAL_Driver/Src/stm32f4xx_hal_tim_ex.c" -mcpu=cortex-m4 -std=gnu11 -g3 -DDEBUG -DUSE_HAL_DRIVER -DSTM32F412Zx -c -I../Core/Inc -I../Drivers/STM32F4xx_HAL_Driver/Inc -I../Drivers/STM32F4xx_HAL_Driver/Inc/Legacy -I../Drivers/CMSIS/Device/ST/STM32F4xx/Include -I../Drivers/CMSIS/Include -O0 -ffunction-sections -fdata-sections -Wall -fstack-usage -MMD -MP -MF"Drivers/STM32F4xx_HAL_Driver/Src/stm32f4xx_hal_tim_ex.d" -MT"Drivers/STM32F4xx_HAL_Driver/Src/stm32f4xx_hal_tim_ex.o" --specs=nano.specs -mfpu=fpv4-sp-d16 -mfloat-abi=hard -mthumb -o "Drivers/STM32F4xx_HAL_Driver/Src/stm32f4xx_hal_tim_ex.o"
arm-none-eabi-gcc "../Drivers/STM32F4xx_HAL_Driver/Src/stm32f4xx_hal_uart.c" -mcpu=cortex-m4 -std=gnu11 -g3 -DDEBUG -DUSE_HAL_DRIVER -DSTM32F412Zx -c -I../Core/Inc -I../Drivers/STM32F4xx_HAL_Driver/Inc -I../Drivers/STM32F4xx_HAL_Driver/Inc/Legacy -I../Drivers/CMSIS/Device/ST/STM32F4xx/Include -I../Drivers/CMSIS/Include -O0 -ffunction-sections -fdata-sections -Wall -fstack-usage -MMD -MP -MF"Drivers/STM32F4xx_HAL_Driver/Src/stm32f4xx_hal_uart.d" -MT"Drivers/STM32F4xx_HAL_Driver/Src/stm32f4xx_hal_uart.o" --specs=nano.specs -mfpu=fpv4-sp-d16 -mfloat-abi=hard -mthumb -o "Drivers/STM32F4xx_HAL_Driver/Src/stm32f4xx_hal_uart.o"
arm-none-eabi-gcc "../Drivers/STM32F4xx_HAL_Driver/Src/stm32f4xx_ll_adc.c" -mcpu=cortex-m4 -std=gnu11 -g3 -DDEBUG -DUSE_HAL_DRIVER -DSTM32F412Zx -c -I../Core/Inc -I../Drivers/STM32F4xx_HAL_Driver/Inc -I../Drivers/STM32F4xx_HAL_Driver/Inc/Legacy -I../Drivers/CMSIS/Device/ST/STM32F4xx/Include -I../Drivers/CMSIS/Include -O0 -ffunction-sections -fdata-sections -Wall -fstack-usage -MMD -MP -MF"Drivers/STM32F4xx_HAL_Driver/Src/stm32f4xx_ll_adc.d" -MT"Drivers/STM32F4xx_HAL_Driver/Src/stm32f4xx_ll_adc.o" --specs=nano.specs -mfpu=fpv4-sp-d16 -mfloat-abi=hard -mthumb -o "Drivers/STM32F4xx_HAL_Driver/Src/stm32f4xx_ll_adc.o"
arm-none-eabi-gcc "../Drivers/STM32F4xx_HAL_Driver/Src/stm32f4xx_ll_usb.c" -mcpu=cortex-m4 -std=gnu11 -g3 -DDEBUG -DUSE_HAL_DRIVER -DSTM32F412Zx -c -I../Core/Inc -I../Drivers/STM32F4xx_HAL_Driver/Inc -I../Drivers/STM32F4xx_HAL_Driver/Inc/Legacy -I../Drivers/CMSIS/Device/ST/STM32F4xx/Include -I../Drivers/CMSIS/Include -O0 -ffunction-sections -fdata-sections -Wall -fstack-usage -MMD -MP -MF"Drivers/STM32F4xx_HAL_Driver/Src/stm32f4xx_ll_usb.d" -MT"Drivers/STM32F4xx_HAL_Driver/Src/stm32f4xx_ll_usb.o" --specs=nano.specs -mfpu=fpv4-sp-d16 -mfloat-abi=hard -mthumb -o "Drivers/STM32F4xx_HAL_Driver/Src/stm32f4xx_ll_usb.o"
arm-none-eabi-gcc "../Core/Src/main.c" -mcpu=cortex-m4 -std=gnu11 -g3 -DDEBUG -DUSE_HAL_DRIVER -DSTM32F412Zx -c -I../Core/Inc -I../Drivers/STM32F4xx_HAL_Driver/Inc -I../Drivers/STM32F4xx_HAL_Driver/Inc/Legacy -I../Drivers/CMSIS/Device/ST/STM32F4xx/Include -I../Drivers/CMSIS/Include -O0 -ffunction-sections -fdata-sections -Wall -fstack-usage -MMD -MP -MF"Core/Src/main.d" -MT"Core/Src/main.o" --specs=nano.specs -mfpu=fpv4-sp-d16 -mfloat-abi=hard -mthumb -o "Core/Src/main.o"
arm-none-eabi-gcc "../Core/Src/stm32f4xx_hal_msp.c" -mcpu=cortex-m4 -std=gnu11 -g3 -DDEBUG -DUSE_HAL_DRIVER -DSTM32F412Zx -c -I../Core/Inc -I../Drivers/STM32F4xx_HAL_Driver/Inc -I../Drivers/STM32F4xx_HAL_Driver/Inc/Legacy -I../Drivers/CMSIS/Device/ST/STM32F4xx/Include -I../Drivers/CMSIS/Include -O0 -ffunction-sections -fdata-sections -Wall -fstack-usage -MMD -MP -MF"Core/Src/stm32f4xx_hal_msp.d" -MT"Core/Src/stm32f4xx_hal_msp.o" --specs=nano.specs -mfpu=fpv4-sp-d16 -mfloat-abi=hard -mthumb -o "Core/Src/stm32f4xx_hal_msp.o"
arm-none-eabi-gcc "../Core/Src/stm32f4xx_it.c" -mcpu=cortex-m4 -std=gnu11 -g3 -DDEBUG -DUSE_HAL_DRIVER -DSTM32F412Zx -c -I../Core/Inc -I../Drivers/STM32F4xx_HAL_Driver/Inc -I../Drivers/STM32F4xx_HAL_Driver/Inc/Legacy -I../Drivers/CMSIS/Device/ST/STM32F4xx/Include -I../Drivers/CMSIS/Include -O0 -ffunction-sections -fdata-sections -Wall -fstack-usage -MMD -MP -MF"Core/Src/stm32f4xx_it.d" -MT"Core/Src/stm32f4xx_it.o" --specs=nano.specs -mfpu=fpv4-sp-d16 -mfloat-abi=hard -mthumb -o "Core/Src/stm32f4xx_it.o"
arm-none-eabi-gcc "../Core/Src/system_stm32f4xx.c" -mcpu=cortex-m4 -std=gnu11 -g3 -DDEBUG -DUSE_HAL_DRIVER -DSTM32F412Zx -c -I../Core/Inc -I../Drivers/STM32F4xx_HAL_Driver/Inc -I../Drivers/STM32F4xx_HAL_Driver/Inc/Legacy -I../Drivers/CMSIS/Device/ST/STM32F4xx/Include -I../Drivers/CMSIS/Include -O0 -ffunction-sections -fdata-sections -Wall -fstack-usage -MMD -MP -MF"Core/Src/system_stm32f4xx.d" -MT"Core/Src/system_stm32f4xx.o" --specs=nano.specs -mfpu=fpv4-sp-d16 -mfloat-abi=hard -mthumb -o "Core/Src/system_stm32f4xx.o"
../Core/Src/main.c: In function 'main':
../Core/Src/main.c:112:10: warning: implicit declaration of function 'malloc' [-Wimplicit-function-declaration]
  112 |    buf = malloc(sizeof(value[0]+value[1]+value[2]+value[3])+8);
      |          ^~~~~~
../Core/Src/main.c:112:10: warning: incompatible implicit declaration of built-in function 'malloc'
../Core/Src/main.c:25:1: note: include '<stdlib.h>' or provide a declaration of 'malloc'
   24 | #include <string.h>
  +++ |+#include <stdlib.h>
   25 | /* USER CODE END Includes */
../Core/Src/main.c:113:21: warning: passing argument 2 of 'strcpy' makes pointer from integer without a cast [-Wint-conversion]
  113 |    strcpy(buf, value[0]);
      |                ~~~~~^~~
      |                     |
      |                     uint32_t {aka long unsigned int}
In file included from ../Core/Src/main.c:24:
d:\st\stm32cubeide_1.11.0\stm32cubeide\plugins\com.st.stm32cube.ide.mcu.externaltools.gnu-tools-for-stm32.10.3-2021.10.win32_1.0.100.202210260954\tools\arm-none-eabi\include\string.h:38:34: note: expected 'const char * restrict' but argument is of type 'uint32_t' {aka 'long unsigned int'}
   38 | char  *strcpy (char *__restrict, const char *__restrict);
      |                                  ^
../Core/Src/main.c:115:21: warning: passing argument 2 of 'strcpy' makes pointer from integer without a cast [-Wint-conversion]
  115 |    strcpy(buf, value[1]);
      |                ~~~~~^~~
      |                     |
      |                     uint32_t {aka long unsigned int}
In file included from ../Core/Src/main.c:24:
d:\st\stm32cubeide_1.11.0\stm32cubeide\plugins\com.st.stm32cube.ide.mcu.externaltools.gnu-tools-for-stm32.10.3-2021.10.win32_1.0.100.202210260954\tools\arm-none-eabi\include\string.h:38:34: note: expected 'const char * restrict' but argument is of type 'uint32_t' {aka 'long unsigned int'}
   38 | char  *strcpy (char *__restrict, const char *__restrict);
      |                                  ^
../Core/Src/main.c:117:21: warning: passing argument 2 of 'strcpy' makes pointer from integer without a cast [-Wint-conversion]
  117 |    strcpy(buf, value[2]);
      |                ~~~~~^~~
      |                     |
      |                     uint32_t {aka long unsigned int}
In file included from ../Core/Src/main.c:24:
d:\st\stm32cubeide_1.11.0\stm32cubeide\plugins\com.st.stm32cube.ide.mcu.externaltools.gnu-tools-for-stm32.10.3-2021.10.win32_1.0.100.202210260954\tools\arm-none-eabi\include\string.h:38:34: note: expected 'const char * restrict' but argument is of type 'uint32_t' {aka 'long unsigned int'}
   38 | char  *strcpy (char *__restrict, const char *__restrict);
      |                                  ^
../Core/Src/main.c:119:21: warning: passing argument 2 of 'strcpy' makes pointer from integer without a cast [-Wint-conversion]
  119 |    strcpy(buf, value[3]);
      |                ~~~~~^~~
      |                     |
      |                     uint32_t {aka long unsigned int}
In file included from ../Core/Src/main.c:24:
d:\st\stm32cubeide_1.11.0\stm32cubeide\plugins\com.st.stm32cube.ide.mcu.externaltools.gnu-tools-for-stm32.10.3-2021.10.win32_1.0.100.202210260954\tools\arm-none-eabi\include\string.h:38:34: note: expected 'const char * restrict' but argument is of type 'uint32_t' {aka 'long unsigned int'}
   38 | char  *strcpy (char *__restrict, const char *__restrict);
      |                                  ^
../Core/Src/main.c:121:31: warning: pointer targets in passing argument 2 of 'HAL_UART_Transmit' differ in signedness [-Wpointer-sign]
  121 |    HAL_UART_Transmit(&huart3, buf, strlen((char*)buf), HAL_MAX_DELAY);
      |                               ^~~
      |                               |
      |                               char *
In file included from ../Core/Inc/stm32f4xx_hal_conf.h:406,
                 from ../Drivers/STM32F4xx_HAL_Driver/Inc/stm32f4xx_hal.h:29,
                 from ../Core/Inc/main.h:30,
                 from ../Core/Src/main.c:20:
../Drivers/STM32F4xx_HAL_Driver/Inc/stm32f4xx_hal_uart.h:722:79: note: expected 'const uint8_t *' {aka 'const unsigned char *'} but argument is of type 'char *'
  722 | HAL_StatusTypeDef HAL_UART_Transmit(UART_HandleTypeDef *huart, const uint8_t *pData, uint16_t Size, uint32_t Timeout);
      |                                                                ~~~~~~~~~~~~~~~^~~~~
../Core/Src/main.c:122:4: warning: implicit declaration of function 'free' [-Wimplicit-function-declaration]
  122 |    free(buf)
      |    ^~~~
../Core/Src/main.c:122:4: warning: incompatible implicit declaration of built-in function 'free'
../Core/Src/main.c:122:4: note: include '<stdlib.h>' or provide a declaration of 'free'
../Core/Src/main.c:122:13: error: expected ';' before '}' token
  122 |    free(buf)
      |             ^
      |             ;
......
  126 |   }
      |   ~          
make: *** [Core/Src/subdir.mk:34: Core/Src/main.o] Error 1
make: *** Waiting for unfinished jobs....
"make -j16 all" terminated with exit code 2. Build might be incomplete.
12:05:10 **** Incremental Build of configuration Debug for project f412-gettingstarted ****
make -j16 all 
arm-none-eabi-gcc "../Core/Src/main.c" -mcpu=cortex-m4 -std=gnu11 -g3 -DDEBUG -DUSE_HAL_DRIVER -DSTM32F412Zx -c -I../Core/Inc -I../Drivers/STM32F4xx_HAL_Driver/Inc -I../Drivers/STM32F4xx_HAL_Driver/Inc/Legacy -I../Drivers/CMSIS/Device/ST/STM32F4xx/Include -I../Drivers/CMSIS/Include -O0 -ffunction-sections -fdata-sections -Wall -fstack-usage -MMD -MP -MF"Core/Src/main.d" -MT"Core/Src/main.o" --specs=nano.specs -mfpu=fpv4-sp-d16 -mfloat-abi=hard -mthumb -o "Core/Src/main.o"
../Core/Src/main.c: In function 'main':
../Core/Src/main.c:112:10: warning: implicit declaration of function 'malloc' [-Wimplicit-function-declaration]
  112 |    buf = malloc(sizeof(value[0]+value[1]+value[2]+value[3])+8);
      |          ^~~~~~
../Core/Src/main.c:112:10: warning: incompatible implicit declaration of built-in function 'malloc'
../Core/Src/main.c:25:1: note: include '<stdlib.h>' or provide a declaration of 'malloc'
   24 | #include <string.h>
  +++ |+#include <stdlib.h>
   25 | /* USER CODE END Includes */
../Core/Src/main.c:113:21: warning: passing argument 2 of 'strcpy' makes pointer from integer without a cast [-Wint-conversion]
  113 |    strcpy(buf, value[0]);
      |                ~~~~~^~~
      |                     |
      |                     uint32_t {aka long unsigned int}
In file included from ../Core/Src/main.c:24:
d:\st\stm32cubeide_1.11.0\stm32cubeide\plugins\com.st.stm32cube.ide.mcu.externaltools.gnu-tools-for-stm32.10.3-2021.10.win32_1.0.100.202210260954\tools\arm-none-eabi\include\string.h:38:34: note: expected 'const char * restrict' but argument is of type 'uint32_t' {aka 'long unsigned int'}
   38 | char  *strcpy (char *__restrict, const char *__restrict);
      |                                  ^
../Core/Src/main.c:115:21: warning: passing argument 2 of 'strcpy' makes pointer from integer without a cast [-Wint-conversion]
  115 |    strcpy(buf, value[1]);
      |                ~~~~~^~~
      |                     |
      |                     uint32_t {aka long unsigned int}
In file included from ../Core/Src/main.c:24:
d:\st\stm32cubeide_1.11.0\stm32cubeide\plugins\com.st.stm32cube.ide.mcu.externaltools.gnu-tools-for-stm32.10.3-2021.10.win32_1.0.100.202210260954\tools\arm-none-eabi\include\string.h:38:34: note: expected 'const char * restrict' but argument is of type 'uint32_t' {aka 'long unsigned int'}
   38 | char  *strcpy (char *__restrict, const char *__restrict);
      |                                  ^
../Core/Src/main.c:117:21: warning: passing argument 2 of 'strcpy' makes pointer from integer without a cast [-Wint-conversion]
  117 |    strcpy(buf, value[2]);
      |                ~~~~~^~~
      |                     |
      |                     uint32_t {aka long unsigned int}
In file included from ../Core/Src/main.c:24:
d:\st\stm32cubeide_1.11.0\stm32cubeide\plugins\com.st.stm32cube.ide.mcu.externaltools.gnu-tools-for-stm32.10.3-2021.10.win32_1.0.100.202210260954\tools\arm-none-eabi\include\string.h:38:34: note: expected 'const char * restrict' but argument is of type 'uint32_t' {aka 'long unsigned int'}
   38 | char  *strcpy (char *__restrict, const char *__restrict);
      |                                  ^
../Core/Src/main.c:119:21: warning: passing argument 2 of 'strcpy' makes pointer from integer without a cast [-Wint-conversion]
  119 |    strcpy(buf, value[3]);
      |                ~~~~~^~~
      |                     |
      |                     uint32_t {aka long unsigned int}
In file included from ../Core/Src/main.c:24:
d:\st\stm32cubeide_1.11.0\stm32cubeide\plugins\com.st.stm32cube.ide.mcu.externaltools.gnu-tools-for-stm32.10.3-2021.10.win32_1.0.100.202210260954\tools\arm-none-eabi\include\string.h:38:34: note: expected 'const char * restrict' but argument is of type 'uint32_t' {aka 'long unsigned int'}
   38 | char  *strcpy (char *__restrict, const char *__restrict);
      |                                  ^
../Core/Src/main.c:121:31: warning: pointer targets in passing argument 2 of 'HAL_UART_Transmit' differ in signedness [-Wpointer-sign]
  121 |    HAL_UART_Transmit(&huart3, buf, strlen((char*)buf), HAL_MAX_DELAY);
      |                               ^~~
      |                               |
      |                               char *
In file included from ../Core/Inc/stm32f4xx_hal_conf.h:406,
                 from ../Drivers/STM32F4xx_HAL_Driver/Inc/stm32f4xx_hal.h:29,
                 from ../Core/Inc/main.h:30,
                 from ../Core/Src/main.c:20:
../Drivers/STM32F4xx_HAL_Driver/Inc/stm32f4xx_hal_uart.h:722:79: note: expected 'const uint8_t *' {aka 'const unsigned char *'} but argument is of type 'char *'
  722 | HAL_StatusTypeDef HAL_UART_Transmit(UART_HandleTypeDef *huart, const uint8_t *pData, uint16_t Size, uint32_t Timeout);
      |                                                                ~~~~~~~~~~~~~~~^~~~~
../Core/Src/main.c:122:4: warning: implicit declaration of function 'free' [-Wimplicit-function-declaration]
  122 |    free(buf);
      |    ^~~~
../Core/Src/main.c:122:4: warning: incompatible implicit declaration of built-in function 'free'
../Core/Src/main.c:122:4: note: include '<stdlib.h>' or provide a declaration of 'free'
arm-none-eabi-gcc -o "f412-gettingstarted.elf" @"objects.list"   -mcpu=cortex-m4 -T"D:\STM32_poject\Learning_1\f412-gettingstarted\STM32F412ZGTX_FLASH.ld" --specs=nosys.specs -Wl,-Map="f412-gettingstarted.map" -Wl,--gc-sections -static --specs=nano.specs -mfpu=fpv4-sp-d16 -mfloat-abi=hard -mthumb -Wl,--start-group -lc -lm -Wl,--end-group
Finished building target: f412-gettingstarted.elf
 
arm-none-eabi-size   f412-gettingstarted.elf 
arm-none-eabi-objdump -h -S  f412-gettingstarted.elf  > "f412-gettingstarted.list"
   text	   data	    bss	    dec	    hex	filename
  17248	    120	   3120	  20488	   5008	f412-gettingstarted.elf
Finished building: default.size.stdout
 
Finished building: f412-gettingstarted.list
 
12:07:20 **** Incremental Build of configuration Debug for project f412-gettingstarted ****
make -j16 all 
arm-none-eabi-gcc "../Core/Src/main.c" -mcpu=cortex-m4 -std=gnu11 -g3 -DDEBUG -DUSE_HAL_DRIVER -DSTM32F412Zx -c -I../Core/Inc -I../Drivers/STM32F4xx_HAL_Driver/Inc -I../Drivers/STM32F4xx_HAL_Driver/Inc/Legacy -I../Drivers/CMSIS/Device/ST/STM32F4xx/Include -I../Drivers/CMSIS/Include -O0 -ffunction-sections -fdata-sections -Wall -fstack-usage -MMD -MP -MF"Core/Src/main.d" -MT"Core/Src/main.o" --specs=nano.specs -mfpu=fpv4-sp-d16 -mfloat-abi=hard -mthumb -o "Core/Src/main.o"
../Core/Src/main.c: In function 'main':
../Core/Src/main.c:112:19: warning: implicit declaration of function 'malloc' [-Wimplicit-function-declaration]
  112 |    buf = (char *) malloc(sizeof(value[0]+value[1]+value[2]+value[3])+8);
      |                   ^~~~~~
../Core/Src/main.c:112:19: warning: incompatible implicit declaration of built-in function 'malloc'
../Core/Src/main.c:25:1: note: include '<stdlib.h>' or provide a declaration of 'malloc'
   24 | #include <string.h>
  +++ |+#include <stdlib.h>
   25 | /* USER CODE END Includes */
../Core/Src/main.c:113:30: warning: passing argument 2 of 'strcpy' makes pointer from integer without a cast [-Wint-conversion]
  113 |    strcpy((char *) buf, value[0]);
      |                         ~~~~~^~~
      |                              |
      |                              uint32_t {aka long unsigned int}
In file included from ../Core/Src/main.c:24:
d:\st\stm32cubeide_1.11.0\stm32cubeide\plugins\com.st.stm32cube.ide.mcu.externaltools.gnu-tools-for-stm32.10.3-2021.10.win32_1.0.100.202210260954\tools\arm-none-eabi\include\string.h:38:34: note: expected 'const char * restrict' but argument is of type 'uint32_t' {aka 'long unsigned int'}
   38 | char  *strcpy (char *__restrict, const char *__restrict);
      |                                  ^
../Core/Src/main.c:115:30: warning: passing argument 2 of 'strcpy' makes pointer from integer without a cast [-Wint-conversion]
  115 |    strcpy((char *) buf, value[1]);
      |                         ~~~~~^~~
      |                              |
      |                              uint32_t {aka long unsigned int}
In file included from ../Core/Src/main.c:24:
d:\st\stm32cubeide_1.11.0\stm32cubeide\plugins\com.st.stm32cube.ide.mcu.externaltools.gnu-tools-for-stm32.10.3-2021.10.win32_1.0.100.202210260954\tools\arm-none-eabi\include\string.h:38:34: note: expected 'const char * restrict' but argument is of type 'uint32_t' {aka 'long unsigned int'}
   38 | char  *strcpy (char *__restrict, const char *__restrict);
      |                                  ^
../Core/Src/main.c:117:30: warning: passing argument 2 of 'strcpy' makes pointer from integer without a cast [-Wint-conversion]
  117 |    strcpy((char *) buf, value[2]);
      |                         ~~~~~^~~
      |                              |
      |                              uint32_t {aka long unsigned int}
In file included from ../Core/Src/main.c:24:
d:\st\stm32cubeide_1.11.0\stm32cubeide\plugins\com.st.stm32cube.ide.mcu.externaltools.gnu-tools-for-stm32.10.3-2021.10.win32_1.0.100.202210260954\tools\arm-none-eabi\include\string.h:38:34: note: expected 'const char * restrict' but argument is of type 'uint32_t' {aka 'long unsigned int'}
   38 | char  *strcpy (char *__restrict, const char *__restrict);
      |                                  ^
../Core/Src/main.c:119:30: warning: passing argument 2 of 'strcpy' makes pointer from integer without a cast [-Wint-conversion]
  119 |    strcpy((char *) buf, value[3]);
      |                         ~~~~~^~~
      |                              |
      |                              uint32_t {aka long unsigned int}
In file included from ../Core/Src/main.c:24:
d:\st\stm32cubeide_1.11.0\stm32cubeide\plugins\com.st.stm32cube.ide.mcu.externaltools.gnu-tools-for-stm32.10.3-2021.10.win32_1.0.100.202210260954\tools\arm-none-eabi\include\string.h:38:34: note: expected 'const char * restrict' but argument is of type 'uint32_t' {aka 'long unsigned int'}
   38 | char  *strcpy (char *__restrict, const char *__restrict);
      |                                  ^
../Core/Src/main.c:121:31: warning: pointer targets in passing argument 2 of 'HAL_UART_Transmit' differ in signedness [-Wpointer-sign]
  121 |    HAL_UART_Transmit(&huart3, buf, strlen((char*)buf), HAL_MAX_DELAY);
      |                               ^~~
      |                               |
      |                               char *
In file included from ../Core/Inc/stm32f4xx_hal_conf.h:406,
                 from ../Drivers/STM32F4xx_HAL_Driver/Inc/stm32f4xx_hal.h:29,
                 from ../Core/Inc/main.h:30,
                 from ../Core/Src/main.c:20:
../Drivers/STM32F4xx_HAL_Driver/Inc/stm32f4xx_hal_uart.h:722:79: note: expected 'const uint8_t *' {aka 'const unsigned char *'} but argument is of type 'char *'
  722 | HAL_StatusTypeDef HAL_UART_Transmit(UART_HandleTypeDef *huart, const uint8_t *pData, uint16_t Size, uint32_t Timeout);
      |                                                                ~~~~~~~~~~~~~~~^~~~~
arm-none-eabi-gcc -o "f412-gettingstarted.elf" @"objects.list"   -mcpu=cortex-m4 -T"D:\STM32_poject\Learning_1\f412-gettingstarted\STM32F412ZGTX_FLASH.ld" --specs=nosys.specs -Wl,-Map="f412-gettingstarted.map" -Wl,--gc-sections -static --specs=nano.specs -mfpu=fpv4-sp-d16 -mfloat-abi=hard -mthumb -Wl,--start-group -lc -lm -Wl,--end-group
Finished building target: f412-gettingstarted.elf
 
arm-none-eabi-size   f412-gettingstarted.elf 
arm-none-eabi-objdump -h -S  f412-gettingstarted.elf  > "f412-gettingstarted.list"
   text	   data	    bss	    dec	    hex	filename
  17072	    120	   3120	  20312	   4f58	f412-gettingstarted.elf
Finished building: default.size.stdout
 
Finished building: f412-gettingstarted.list
 
12:14:33 **** Incremental Build of configuration Debug for project f412-gettingstarted ****
make -j16 all 
arm-none-eabi-gcc "../Core/Src/main.c" -mcpu=cortex-m4 -std=gnu11 -g3 -DDEBUG -DUSE_HAL_DRIVER -DSTM32F412Zx -c -I../Core/Inc -I../Drivers/STM32F4xx_HAL_Driver/Inc -I../Drivers/STM32F4xx_HAL_Driver/Inc/Legacy -I../Drivers/CMSIS/Device/ST/STM32F4xx/Include -I../Drivers/CMSIS/Include -O0 -ffunction-sections -fdata-sections -Wall -fstack-usage -MMD -MP -MF"Core/Src/main.d" -MT"Core/Src/main.o" --specs=nano.specs -mfpu=fpv4-sp-d16 -mfloat-abi=hard -mthumb -o "Core/Src/main.o"
../Core/Src/main.c: In function 'main':
../Core/Src/main.c:113:19: warning: implicit declaration of function 'malloc' [-Wimplicit-function-declaration]
  113 |    buf = (char *) malloc(sizeof(value[0]+value[1]+value[2]+value[3])+8);
      |                   ^~~~~~
../Core/Src/main.c:113:19: warning: incompatible implicit declaration of built-in function 'malloc'
../Core/Src/main.c:26:1: note: include '<stdlib.h>' or provide a declaration of 'malloc'
   25 | #include <stdio.h>
  +++ |+#include <stdlib.h>
   26 | /* USER CODE END Includes */
../Core/Src/main.c:114:19: warning: format '%i' expects argument of type 'int', but argument 3 has type 'uint32_t' {aka 'long unsigned int'} [-Wformat=]
  114 |    sprintf(buf ,"%i,%i,i%,%i,%i\r\n", value[0], value[1], value[2], value[3]);
      |                  ~^                   ~~~~~~~~
      |                   |                        |
      |                   int                      uint32_t {aka long unsigned int}
      |                  %li
../Core/Src/main.c:114:22: warning: format '%i' expects argument of type 'int', but argument 4 has type 'uint32_t' {aka 'long unsigned int'} [-Wformat=]
  114 |    sprintf(buf ,"%i,%i,i%,%i,%i\r\n", value[0], value[1], value[2], value[3]);
      |                     ~^                          ~~~~~~~~
      |                      |                               |
      |                      int                             uint32_t {aka long unsigned int}
      |                     %li
../Core/Src/main.c:114:26: warning: unknown conversion type character ',' in format [-Wformat=]
  114 |    sprintf(buf ,"%i,%i,i%,%i,%i\r\n", value[0], value[1], value[2], value[3]);
      |                          ^
../Core/Src/main.c:114:28: warning: format '%i' expects argument of type 'int', but argument 5 has type 'uint32_t' {aka 'long unsigned int'} [-Wformat=]
  114 |    sprintf(buf ,"%i,%i,i%,%i,%i\r\n", value[0], value[1], value[2], value[3]);
      |                           ~^                              ~~~~~~~~
      |                            |                                   |
      |                            int                                 uint32_t {aka long unsigned int}
      |                           %li
../Core/Src/main.c:114:31: warning: format '%i' expects argument of type 'int', but argument 6 has type 'uint32_t' {aka 'long unsigned int'} [-Wformat=]
  114 |    sprintf(buf ,"%i,%i,i%,%i,%i\r\n", value[0], value[1], value[2], value[3]);
      |                              ~^                                     ~~~~~~~~
      |                               |                                          |
      |                               int                                        uint32_t {aka long unsigned int}
      |                              %li
../Core/Src/main.c:115:31: warning: pointer targets in passing argument 2 of 'HAL_UART_Transmit' differ in signedness [-Wpointer-sign]
  115 |    HAL_UART_Transmit(&huart3, buf, strlen((char*)buf), HAL_MAX_DELAY);
      |                               ^~~
      |                               |
      |                               char *
In file included from ../Core/Inc/stm32f4xx_hal_conf.h:406,
                 from ../Drivers/STM32F4xx_HAL_Driver/Inc/stm32f4xx_hal.h:29,
                 from ../Core/Inc/main.h:30,
                 from ../Core/Src/main.c:20:
../Drivers/STM32F4xx_HAL_Driver/Inc/stm32f4xx_hal_uart.h:722:79: note: expected 'const uint8_t *' {aka 'const unsigned char *'} but argument is of type 'char *'
  722 | HAL_StatusTypeDef HAL_UART_Transmit(UART_HandleTypeDef *huart, const uint8_t *pData, uint16_t Size, uint32_t Timeout);
      |                                                                ~~~~~~~~~~~~~~~^~~~~
arm-none-eabi-gcc -o "f412-gettingstarted.elf" @"objects.list"   -mcpu=cortex-m4 -T"D:\STM32_poject\Learning_1\f412-gettingstarted\STM32F412ZGTX_FLASH.ld" --specs=nosys.specs -Wl,-Map="f412-gettingstarted.map" -Wl,--gc-sections -static --specs=nano.specs -mfpu=fpv4-sp-d16 -mfloat-abi=hard -mthumb -Wl,--start-group -lc -lm -Wl,--end-group
Finished building target: f412-gettingstarted.elf
 
arm-none-eabi-size   f412-gettingstarted.elf 
arm-none-eabi-objdump -h -S  f412-gettingstarted.elf  > "f412-gettingstarted.list"
   text	   data	    bss	    dec	    hex	filename
  19124	    120	   3120	  22364	   575c	f412-gettingstarted.elf
Finished building: default.size.stdout
 
Finished building: f412-gettingstarted.list
 
12:17:56 **** Incremental Build of configuration Debug for project f412-gettingstarted ****
make -j16 all 
arm-none-eabi-gcc "../Core/Src/main.c" -mcpu=cortex-m4 -std=gnu11 -g3 -DDEBUG -DUSE_HAL_DRIVER -DSTM32F412Zx -c -I../Core/Inc -I../Drivers/STM32F4xx_HAL_Driver/Inc -I../Drivers/STM32F4xx_HAL_Driver/Inc/Legacy -I../Drivers/CMSIS/Device/ST/STM32F4xx/Include -I../Drivers/CMSIS/Include -O0 -ffunction-sections -fdata-sections -Wall -fstack-usage -MMD -MP -MF"Core/Src/main.d" -MT"Core/Src/main.o" --specs=nano.specs -mfpu=fpv4-sp-d16 -mfloat-abi=hard -mthumb -o "Core/Src/main.o"
../Core/Src/main.c: In function 'main':
../Core/Src/main.c:114:19: warning: implicit declaration of function 'malloc' [-Wimplicit-function-declaration]
  114 |    buf = (char *) malloc(sizeof(value[0]+value[1]+value[2]+value[3])+8);
      |                   ^~~~~~
../Core/Src/main.c:114:19: warning: incompatible implicit declaration of built-in function 'malloc'
../Core/Src/main.c:26:1: note: include '<stdlib.h>' or provide a declaration of 'malloc'
   25 | #include <stdio.h>
  +++ |+#include <stdlib.h>
   26 | /* USER CODE END Includes */
../Core/Src/main.c:115:19: warning: format '%i' expects argument of type 'int', but argument 3 has type 'uint32_t' {aka 'long unsigned int'} [-Wformat=]
  115 |    sprintf(buf ,"%i,%i,%i,%i,%i\r\n", value[0], value[1], value[2], value[3], ++i);
      |                  ~^                   ~~~~~~~~
      |                   |                        |
      |                   int                      uint32_t {aka long unsigned int}
      |                  %li
../Core/Src/main.c:115:22: warning: format '%i' expects argument of type 'int', but argument 4 has type 'uint32_t' {aka 'long unsigned int'} [-Wformat=]
  115 |    sprintf(buf ,"%i,%i,%i,%i,%i\r\n", value[0], value[1], value[2], value[3], ++i);
      |                     ~^                          ~~~~~~~~
      |                      |                               |
      |                      int                             uint32_t {aka long unsigned int}
      |                     %li
../Core/Src/main.c:115:25: warning: format '%i' expects argument of type 'int', but argument 5 has type 'uint32_t' {aka 'long unsigned int'} [-Wformat=]
  115 |    sprintf(buf ,"%i,%i,%i,%i,%i\r\n", value[0], value[1], value[2], value[3], ++i);
      |                        ~^                                 ~~~~~~~~
      |                         |                                      |
      |                         int                                    uint32_t {aka long unsigned int}
      |                        %li
../Core/Src/main.c:115:28: warning: format '%i' expects argument of type 'int', but argument 6 has type 'uint32_t' {aka 'long unsigned int'} [-Wformat=]
  115 |    sprintf(buf ,"%i,%i,%i,%i,%i\r\n", value[0], value[1], value[2], value[3], ++i);
      |                           ~^                                        ~~~~~~~~
      |                            |                                             |
      |                            int                                           uint32_t {aka long unsigned int}
      |                           %li
../Core/Src/main.c:116:31: warning: pointer targets in passing argument 2 of 'HAL_UART_Transmit' differ in signedness [-Wpointer-sign]
  116 |    HAL_UART_Transmit(&huart3, buf, strlen((char*)buf), HAL_MAX_DELAY);
      |                               ^~~
      |                               |
      |                               char *
In file included from ../Core/Inc/stm32f4xx_hal_conf.h:406,
                 from ../Drivers/STM32F4xx_HAL_Driver/Inc/stm32f4xx_hal.h:29,
                 from ../Core/Inc/main.h:30,
                 from ../Core/Src/main.c:20:
../Drivers/STM32F4xx_HAL_Driver/Inc/stm32f4xx_hal_uart.h:722:79: note: expected 'const uint8_t *' {aka 'const unsigned char *'} but argument is of type 'char *'
  722 | HAL_StatusTypeDef HAL_UART_Transmit(UART_HandleTypeDef *huart, const uint8_t *pData, uint16_t Size, uint32_t Timeout);
      |                                                                ~~~~~~~~~~~~~~~^~~~~
arm-none-eabi-gcc -o "f412-gettingstarted.elf" @"objects.list"   -mcpu=cortex-m4 -T"D:\STM32_poject\Learning_1\f412-gettingstarted\STM32F412ZGTX_FLASH.ld" --specs=nosys.specs -Wl,-Map="f412-gettingstarted.map" -Wl,--gc-sections -static --specs=nano.specs -mfpu=fpv4-sp-d16 -mfloat-abi=hard -mthumb -Wl,--start-group -lc -lm -Wl,--end-group
Finished building target: f412-gettingstarted.elf
 
arm-none-eabi-size   f412-gettingstarted.elf 
arm-none-eabi-objdump -h -S  f412-gettingstarted.elf  > "f412-gettingstarted.list"
   text	   data	    bss	    dec	    hex	filename
  19140	    120	   3120	  22380	   576c	f412-gettingstarted.elf
Finished building: default.size.stdout
 
Finished building: f412-gettingstarted.list
 
14:24:14 **** Incremental Build of configuration Debug for project f412-gettingstarted ****
make -j16 all 
arm-none-eabi-gcc "../Core/Src/main.c" -mcpu=cortex-m4 -std=gnu11 -g3 -DDEBUG -DUSE_HAL_DRIVER -DSTM32F412Zx -c -I../Core/Inc -I../Drivers/STM32F4xx_HAL_Driver/Inc -I../Drivers/STM32F4xx_HAL_Driver/Inc/Legacy -I../Drivers/CMSIS/Device/ST/STM32F4xx/Include -I../Drivers/CMSIS/Include -O0 -ffunction-sections -fdata-sections -Wall -fstack-usage -MMD -MP -MF"Core/Src/main.d" -MT"Core/Src/main.o" --specs=nano.specs -mfpu=fpv4-sp-d16 -mfloat-abi=hard -mthumb -o "Core/Src/main.o"
arm-none-eabi-gcc "../Core/Src/stm32f4xx_hal_msp.c" -mcpu=cortex-m4 -std=gnu11 -g3 -DDEBUG -DUSE_HAL_DRIVER -DSTM32F412Zx -c -I../Core/Inc -I../Drivers/STM32F4xx_HAL_Driver/Inc -I../Drivers/STM32F4xx_HAL_Driver/Inc/Legacy -I../Drivers/CMSIS/Device/ST/STM32F4xx/Include -I../Drivers/CMSIS/Include -O0 -ffunction-sections -fdata-sections -Wall -fstack-usage -MMD -MP -MF"Core/Src/stm32f4xx_hal_msp.d" -MT"Core/Src/stm32f4xx_hal_msp.o" --specs=nano.specs -mfpu=fpv4-sp-d16 -mfloat-abi=hard -mthumb -o "Core/Src/stm32f4xx_hal_msp.o"
../Core/Src/main.c: In function 'main':
../Core/Src/main.c:114:19: warning: implicit declaration of function 'malloc' [-Wimplicit-function-declaration]
  114 |    buf = (char *) malloc(sizeof(value[0]+value[1]+value[2]+value[3])+8);
      |                   ^~~~~~
../Core/Src/main.c:114:19: warning: incompatible implicit declaration of built-in function 'malloc'
../Core/Src/main.c:26:1: note: include '<stdlib.h>' or provide a declaration of 'malloc'
   25 | #include <stdio.h>
  +++ |+#include <stdlib.h>
   26 | /* USER CODE END Includes */
../Core/Src/main.c:115:19: warning: format '%i' expects argument of type 'int', but argument 3 has type 'uint32_t' {aka 'long unsigned int'} [-Wformat=]
  115 |    sprintf(buf ,"%i,%i,%i,%i,%i\r\n", value[0], value[1], value[2], value[3], ++i);
      |                  ~^                   ~~~~~~~~
      |                   |                        |
      |                   int                      uint32_t {aka long unsigned int}
      |                  %li
../Core/Src/main.c:115:22: warning: format '%i' expects argument of type 'int', but argument 4 has type 'uint32_t' {aka 'long unsigned int'} [-Wformat=]
  115 |    sprintf(buf ,"%i,%i,%i,%i,%i\r\n", value[0], value[1], value[2], value[3], ++i);
      |                     ~^                          ~~~~~~~~
      |                      |                               |
      |                      int                             uint32_t {aka long unsigned int}
      |                     %li
../Core/Src/main.c:115:25: warning: format '%i' expects argument of type 'int', but argument 5 has type 'uint32_t' {aka 'long unsigned int'} [-Wformat=]
  115 |    sprintf(buf ,"%i,%i,%i,%i,%i\r\n", value[0], value[1], value[2], value[3], ++i);
      |                        ~^                                 ~~~~~~~~
      |                         |                                      |
      |                         int                                    uint32_t {aka long unsigned int}
      |                        %li
../Core/Src/main.c:115:28: warning: format '%i' expects argument of type 'int', but argument 6 has type 'uint32_t' {aka 'long unsigned int'} [-Wformat=]
  115 |    sprintf(buf ,"%i,%i,%i,%i,%i\r\n", value[0], value[1], value[2], value[3], ++i);
      |                           ~^                                        ~~~~~~~~
      |                            |                                             |
      |                            int                                           uint32_t {aka long unsigned int}
      |                           %li
../Core/Src/main.c:116:31: warning: pointer targets in passing argument 2 of 'HAL_UART_Transmit' differ in signedness [-Wpointer-sign]
  116 |    HAL_UART_Transmit(&huart6, buf, strlen((char*)buf), HAL_MAX_DELAY);
      |                               ^~~
      |                               |
      |                               char *
In file included from ../Core/Inc/stm32f4xx_hal_conf.h:406,
                 from ../Drivers/STM32F4xx_HAL_Driver/Inc/stm32f4xx_hal.h:29,
                 from ../Core/Inc/main.h:30,
                 from ../Core/Src/main.c:20:
../Drivers/STM32F4xx_HAL_Driver/Inc/stm32f4xx_hal_uart.h:722:79: note: expected 'const uint8_t *' {aka 'const unsigned char *'} but argument is of type 'char *'
  722 | HAL_StatusTypeDef HAL_UART_Transmit(UART_HandleTypeDef *huart, const uint8_t *pData, uint16_t Size, uint32_t Timeout);
      |                                                                ~~~~~~~~~~~~~~~^~~~~
arm-none-eabi-gcc -o "f412-gettingstarted.elf" @"objects.list"   -mcpu=cortex-m4 -T"D:\STM32_poject\Learning_1\f412-gettingstarted\STM32F412ZGTX_FLASH.ld" --specs=nosys.specs -Wl,-Map="f412-gettingstarted.map" -Wl,--gc-sections -static --specs=nano.specs -mfpu=fpv4-sp-d16 -mfloat-abi=hard -mthumb -Wl,--start-group -lc -lm -Wl,--end-group
Finished building target: f412-gettingstarted.elf
 
arm-none-eabi-size   f412-gettingstarted.elf 
arm-none-eabi-objdump -h -S  f412-gettingstarted.elf  > "f412-gettingstarted.list"
   text	   data	    bss	    dec	    hex	filename
  19176	    120	   3120	  22416	   5790	f412-gettingstarted.elf
Finished building: default.size.stdout
 
Finished building: f412-gettingstarted.list
 
14:25:58 **** Incremental Build of configuration Debug for project f412-gettingstarted ****
make -j16 all 
arm-none-eabi-gcc "../Core/Src/main.c" -mcpu=cortex-m4 -std=gnu11 -g3 -DDEBUG -DUSE_HAL_DRIVER -DSTM32F412Zx -c -I../Core/Inc -I../Drivers/STM32F4xx_HAL_Driver/Inc -I../Drivers/STM32F4xx_HAL_Driver/Inc/Legacy -I../Drivers/CMSIS/Device/ST/STM32F4xx/Include -I../Drivers/CMSIS/Include -O0 -ffunction-sections -fdata-sections -Wall -fstack-usage -MMD -MP -MF"Core/Src/main.d" -MT"Core/Src/main.o" --specs=nano.specs -mfpu=fpv4-sp-d16 -mfloat-abi=hard -mthumb -o "Core/Src/main.o"
../Core/Src/main.c: In function 'main':
../Core/Src/main.c:112:19: warning: implicit declaration of function 'malloc' [-Wimplicit-function-declaration]
  112 |    buf = (char *) malloc(sizeof(value[0]+value[1]+value[2]+value[3])+8);
      |                   ^~~~~~
../Core/Src/main.c:112:19: warning: incompatible implicit declaration of built-in function 'malloc'
../Core/Src/main.c:26:1: note: include '<stdlib.h>' or provide a declaration of 'malloc'
   25 | #include <stdio.h>
  +++ |+#include <stdlib.h>
   26 | /* USER CODE END Includes */
../Core/Src/main.c:113:19: warning: format '%i' expects argument of type 'int', but argument 3 has type 'uint32_t' {aka 'long unsigned int'} [-Wformat=]
  113 |    sprintf(buf ,"%i,%i,%i,%i,%i\r\n", value[0], value[1], value[2], value[3], ++i);
      |                  ~^                   ~~~~~~~~
      |                   |                        |
      |                   int                      uint32_t {aka long unsigned int}
      |                  %li
../Core/Src/main.c:113:22: warning: format '%i' expects argument of type 'int', but argument 4 has type 'uint32_t' {aka 'long unsigned int'} [-Wformat=]
  113 |    sprintf(buf ,"%i,%i,%i,%i,%i\r\n", value[0], value[1], value[2], value[3], ++i);
      |                     ~^                          ~~~~~~~~
      |                      |                               |
      |                      int                             uint32_t {aka long unsigned int}
      |                     %li
../Core/Src/main.c:113:25: warning: format '%i' expects argument of type 'int', but argument 5 has type 'uint32_t' {aka 'long unsigned int'} [-Wformat=]
  113 |    sprintf(buf ,"%i,%i,%i,%i,%i\r\n", value[0], value[1], value[2], value[3], ++i);
      |                        ~^                                 ~~~~~~~~
      |                         |                                      |
      |                         int                                    uint32_t {aka long unsigned int}
      |                        %li
../Core/Src/main.c:113:28: warning: format '%i' expects argument of type 'int', but argument 6 has type 'uint32_t' {aka 'long unsigned int'} [-Wformat=]
  113 |    sprintf(buf ,"%i,%i,%i,%i,%i\r\n", value[0], value[1], value[2], value[3], ++i);
      |                           ~^                                        ~~~~~~~~
      |                            |                                             |
      |                            int                                           uint32_t {aka long unsigned int}
      |                           %li
../Core/Src/main.c:114:31: warning: pointer targets in passing argument 2 of 'HAL_UART_Transmit' differ in signedness [-Wpointer-sign]
  114 |    HAL_UART_Transmit(&huart6, buf, strlen((char*)buf), HAL_MAX_DELAY);
      |                               ^~~
      |                               |
      |                               char *
In file included from ../Core/Inc/stm32f4xx_hal_conf.h:406,
                 from ../Drivers/STM32F4xx_HAL_Driver/Inc/stm32f4xx_hal.h:29,
                 from ../Core/Inc/main.h:30,
                 from ../Core/Src/main.c:20:
../Drivers/STM32F4xx_HAL_Driver/Inc/stm32f4xx_hal_uart.h:722:79: note: expected 'const uint8_t *' {aka 'const unsigned char *'} but argument is of type 'char *'
  722 | HAL_StatusTypeDef HAL_UART_Transmit(UART_HandleTypeDef *huart, const uint8_t *pData, uint16_t Size, uint32_t Timeout);
      |                                                                ~~~~~~~~~~~~~~~^~~~~
arm-none-eabi-gcc -o "f412-gettingstarted.elf" @"objects.list"   -mcpu=cortex-m4 -T"D:\STM32_poject\Learning_1\f412-gettingstarted\STM32F412ZGTX_FLASH.ld" --specs=nosys.specs -Wl,-Map="f412-gettingstarted.map" -Wl,--gc-sections -static --specs=nano.specs -mfpu=fpv4-sp-d16 -mfloat-abi=hard -mthumb -Wl,--start-group -lc -lm -Wl,--end-group
Finished building target: f412-gettingstarted.elf
 
arm-none-eabi-size   f412-gettingstarted.elf 
arm-none-eabi-objdump -h -S  f412-gettingstarted.elf  > "f412-gettingstarted.list"
   text	   data	    bss	    dec	    hex	filename
  19176	    120	   3120	  22416	   5790	f412-gettingstarted.elf
Finished building: default.size.stdout
 
Finished building: f412-gettingstarted.list
 
14:26:51 **** Incremental Build of configuration Debug for project f412-gettingstarted ****
make -j16 all 
arm-none-eabi-gcc "../Core/Src/main.c" -mcpu=cortex-m4 -std=gnu11 -g3 -DDEBUG -DUSE_HAL_DRIVER -DSTM32F412Zx -c -I../Core/Inc -I../Drivers/STM32F4xx_HAL_Driver/Inc -I../Drivers/STM32F4xx_HAL_Driver/Inc/Legacy -I../Drivers/CMSIS/Device/ST/STM32F4xx/Include -I../Drivers/CMSIS/Include -O0 -ffunction-sections -fdata-sections -Wall -fstack-usage -MMD -MP -MF"Core/Src/main.d" -MT"Core/Src/main.o" --specs=nano.specs -mfpu=fpv4-sp-d16 -mfloat-abi=hard -mthumb -o "Core/Src/main.o"
../Core/Src/main.c: In function 'main':
../Core/Src/main.c:112:19: warning: implicit declaration of function 'malloc' [-Wimplicit-function-declaration]
  112 |    buf = (char *) malloc(sizeof(value[0]+value[1]+value[2]+value[3])+8);
      |                   ^~~~~~
../Core/Src/main.c:112:19: warning: incompatible implicit declaration of built-in function 'malloc'
../Core/Src/main.c:26:1: note: include '<stdlib.h>' or provide a declaration of 'malloc'
   25 | #include <stdio.h>
  +++ |+#include <stdlib.h>
   26 | /* USER CODE END Includes */
../Core/Src/main.c:113:19: warning: format '%i' expects argument of type 'int', but argument 3 has type 'uint32_t' {aka 'long unsigned int'} [-Wformat=]
  113 |    sprintf(buf ,"%i,%i,%i,%i,%i\r\n", value[0], value[1], value[2], value[3], ++i);
      |                  ~^                   ~~~~~~~~
      |                   |                        |
      |                   int                      uint32_t {aka long unsigned int}
      |                  %li
../Core/Src/main.c:113:22: warning: format '%i' expects argument of type 'int', but argument 4 has type 'uint32_t' {aka 'long unsigned int'} [-Wformat=]
  113 |    sprintf(buf ,"%i,%i,%i,%i,%i\r\n", value[0], value[1], value[2], value[3], ++i);
      |                     ~^                          ~~~~~~~~
      |                      |                               |
      |                      int                             uint32_t {aka long unsigned int}
      |                     %li
../Core/Src/main.c:113:25: warning: format '%i' expects argument of type 'int', but argument 5 has type 'uint32_t' {aka 'long unsigned int'} [-Wformat=]
  113 |    sprintf(buf ,"%i,%i,%i,%i,%i\r\n", value[0], value[1], value[2], value[3], ++i);
      |                        ~^                                 ~~~~~~~~
      |                         |                                      |
      |                         int                                    uint32_t {aka long unsigned int}
      |                        %li
../Core/Src/main.c:113:28: warning: format '%i' expects argument of type 'int', but argument 6 has type 'uint32_t' {aka 'long unsigned int'} [-Wformat=]
  113 |    sprintf(buf ,"%i,%i,%i,%i,%i\r\n", value[0], value[1], value[2], value[3], ++i);
      |                           ~^                                        ~~~~~~~~
      |                            |                                             |
      |                            int                                           uint32_t {aka long unsigned int}
      |                           %li
../Core/Src/main.c:114:31: warning: pointer targets in passing argument 2 of 'HAL_UART_Transmit' differ in signedness [-Wpointer-sign]
  114 |    HAL_UART_Transmit(&huart6, buf, strlen((char*)buf), HAL_MAX_DELAY);
      |                               ^~~
      |                               |
      |                               char *
In file included from ../Core/Inc/stm32f4xx_hal_conf.h:406,
                 from ../Drivers/STM32F4xx_HAL_Driver/Inc/stm32f4xx_hal.h:29,
                 from ../Core/Inc/main.h:30,
                 from ../Core/Src/main.c:20:
../Drivers/STM32F4xx_HAL_Driver/Inc/stm32f4xx_hal_uart.h:722:79: note: expected 'const uint8_t *' {aka 'const unsigned char *'} but argument is of type 'char *'
  722 | HAL_StatusTypeDef HAL_UART_Transmit(UART_HandleTypeDef *huart, const uint8_t *pData, uint16_t Size, uint32_t Timeout);
      |                                                                ~~~~~~~~~~~~~~~^~~~~
arm-none-eabi-gcc -o "f412-gettingstarted.elf" @"objects.list"   -mcpu=cortex-m4 -T"D:\STM32_poject\Learning_1\f412-gettingstarted\STM32F412ZGTX_FLASH.ld" --specs=nosys.specs -Wl,-Map="f412-gettingstarted.map" -Wl,--gc-sections -static --specs=nano.specs -mfpu=fpv4-sp-d16 -mfloat-abi=hard -mthumb -Wl,--start-group -lc -lm -Wl,--end-group
Finished building target: f412-gettingstarted.elf
 
arm-none-eabi-size   f412-gettingstarted.elf 
arm-none-eabi-objdump -h -S  f412-gettingstarted.elf  > "f412-gettingstarted.list"
   text	   data	    bss	    dec	    hex	filename
  19176	    120	   3120	  22416	   5790	f412-gettingstarted.elf
Finished building: default.size.stdout
 
Finished building: f412-gettingstarted.list
 
14:28:36 **** Incremental Build of configuration Debug for project f412-gettingstarted ****
make -j16 all 
arm-none-eabi-gcc "../Core/Src/main.c" -mcpu=cortex-m4 -std=gnu11 -g3 -DDEBUG -DUSE_HAL_DRIVER -DSTM32F412Zx -c -I../Core/Inc -I../Drivers/STM32F4xx_HAL_Driver/Inc -I../Drivers/STM32F4xx_HAL_Driver/Inc/Legacy -I../Drivers/CMSIS/Device/ST/STM32F4xx/Include -I../Drivers/CMSIS/Include -O0 -ffunction-sections -fdata-sections -Wall -fstack-usage -MMD -MP -MF"Core/Src/main.d" -MT"Core/Src/main.o" --specs=nano.specs -mfpu=fpv4-sp-d16 -mfloat-abi=hard -mthumb -o "Core/Src/main.o"
[...]
../Core/Src/main.c: In function 'HAL_UART_RxCpltCallback':
../Core/Src/main.c:116:35: warning: passing argument 2 of 'HAL_UART_Receive_DMA' makes pointer from integer without a cast [-Wint-conversion]
  116 |     HAL_UART_Receive_DMA(&huart6, NoChannel, 4);
      |                                   ^~~~~~~~~
      |                                   |
      |                                   uint8_t {aka unsigned char}
In file included from ../Core/Inc/stm32f4xx_hal_conf.h:406,
                 from ../Drivers/STM32F4xx_HAL_Driver/Inc/stm32f4xx_hal.h:29,
                 from ../Core/Inc/main.h:30,
                 from ../Core/Src/main.c:20:
../Drivers/STM32F4xx_HAL_Driver/Inc/stm32f4xx_hal_uart.h:727:76: note: expected 'uint8_t *' {aka 'unsigned char *'} but argument is of type 'uint8_t' {aka 'unsigned char'}
  727 | HAL_StatusTypeDef HAL_UART_Receive_DMA(UART_HandleTypeDef *huart, uint8_t *pData, uint16_t Size);
      |                                                                   ~~~~~~~~~^~~~~
../Core/Src/main.c: In function 'main':
../Core/Src/main.c:124:34: warning: passing argument 2 of 'HAL_UART_Receive_DMA' makes pointer from integer without a cast [-Wint-conversion]
  124 |    HAL_UART_Receive_DMA(&huart6, (int)NoChannel, 4);
      |                                  ^~~~~~~~~~~~~~
      |                                  |
      |                                  int
In file included from ../Core/Inc/stm32f4xx_hal_conf.h:406,
                 from ../Drivers/STM32F4xx_HAL_Driver/Inc/stm32f4xx_hal.h:29,
                 from ../Core/Inc/main.h:30,
                 from ../Core/Src/main.c:20:
../Drivers/STM32F4xx_HAL_Driver/Inc/stm32f4xx_hal_uart.h:727:76: note: expected 'uint8_t *' {aka 'unsigned char *'} but argument is of type 'int'
  727 | HAL_StatusTypeDef HAL_UART_Receive_DMA(UART_HandleTypeDef *huart, uint8_t *pData, uint16_t Size);
      |                                                                   ~~~~~~~~~^~~~~
../Core/Src/main.c:125:19: warning: implicit declaration of function 'malloc' [-Wimplicit-function-declaration]
  125 |    buf = (char *) malloc(sizeof(value[0]+value[1]+value[2]+value[3])+8);
      |                   ^~~~~~
../Core/Src/main.c:125:19: warning: incompatible implicit declaration of built-in function 'malloc'
../Core/Src/main.c:27:1: note: include '<stdlib.h>' or provide a declaration of 'malloc'
   26 | #include <micros.h>
  +++ |+#include <stdlib.h>
   27 | /* USER CODE END Includes */
../Core/Src/main.c:129:20: warning: format '%x' expects argument of type 'unsigned int', but argument 3 has type 'uint32_t' {aka 'long unsigned int'} [-Wformat=]
  129 |     sprintf(buf,"%0x\r\n",value[0]);
      |                  ~~^      ~~~~~~~~
      |                    |           |
      |                    |           uint32_t {aka long unsigned int}
      |                    unsigned int
      |                  %0lx
../Core/Src/main.c:133:20: warning: format '%x' expects argument of type 'unsigned int', but argument 3 has type 'uint32_t' {aka 'long unsigned int'} [-Wformat=]
  133 |     sprintf(buf,"%0x,%0x\r\n",value[0], value[1]);
      |                  ~~^          ~~~~~~~~
      |                    |               |
      |                    unsigned int    uint32_t {aka long unsigned int}
      |                  %0lx
../Core/Src/main.c:133:24: warning: format '%x' expects argument of type 'unsigned int', but argument 4 has type 'uint32_t' {aka 'long unsigned int'} [-Wformat=]
  133 |     sprintf(buf,"%0x,%0x\r\n",value[0], value[1]);
      |                      ~~^                ~~~~~~~~
      |                        |                     |
      |                        unsigned int          uint32_t {aka long unsigned int}
      |                      %0lx
../Core/Src/main.c:137:20: warning: format '%x' expects argument of type 'unsigned int', but argument 3 has type 'uint32_t' {aka 'long unsigned int'} [-Wformat=]
  137 |     sprintf(buf,"%0x,%0x,%0x\r\n",value[0], value[1], value[2]);
      |                  ~~^              ~~~~~~~~
      |                    |                   |
      |                    unsigned int        uint32_t {aka long unsigned int}
      |                  %0lx
../Core/Src/main.c:137:24: warning: format '%x' expects argument of type 'unsigned int', but argument 4 has type 'uint32_t' {aka 'long unsigned int'} [-Wformat=]
  137 |     sprintf(buf,"%0x,%0x,%0x\r\n",value[0], value[1], value[2]);
      |                      ~~^                    ~~~~~~~~
      |                        |                         |
      |                        unsigned int              uint32_t {aka long unsigned int}
      |                      %0lx
../Core/Src/main.c:137:28: warning: format '%x' expects argument of type 'unsigned int', but argument 5 has type 'uint32_t' {aka 'long unsigned int'} [-Wformat=]
  137 |     sprintf(buf,"%0x,%0x,%0x\r\n",value[0], value[1], value[2]);
      |                          ~~^                          ~~~~~~~~
      |                            |                               |
      |                            unsigned int                    uint32_t {aka long unsigned int}
      |                          %0lx
../Core/Src/main.c:141:20: warning: format '%x' expects argument of type 'unsigned int', but argument 3 has type 'uint32_t' {aka 'long unsigned int'} [-Wformat=]
  141 |     sprintf(buf,"%0x,%0x,%0x,%0x\r\n",value[0], value[1], value[2], value[3]);
      |                  ~~^                  ~~~~~~~~
      |                    |                       |
      |                    unsigned int            uint32_t {aka long unsigned int}
      |                  %0lx
../Core/Src/main.c:141:24: warning: format '%x' expects argument of type 'unsigned int', but argument 4 has type 'uint32_t' {aka 'long unsigned int'} [-Wformat=]
  141 |     sprintf(buf,"%0x,%0x,%0x,%0x\r\n",value[0], value[1], value[2], value[3]);
      |                      ~~^                        ~~~~~~~~
      |                        |                             |
      |                        unsigned int                  uint32_t {aka long unsigned int}
      |                      %0lx
../Core/Src/main.c:141:28: warning: format '%x' expects argument of type 'unsigned int', but argument 5 has type 'uint32_t' {aka 'long unsigned int'} [-Wformat=]
  141 |     sprintf(buf,"%0x,%0x,%0x,%0x\r\n",value[0], value[1], value[2], value[3]);
      |                          ~~^                              ~~~~~~~~
      |                            |                                   |
      |                            unsigned int                        uint32_t {aka long unsigned int}
      |                          %0lx
../Core/Src/main.c:141:32: warning: format '%x' expects argument of type 'unsigned int', but argument 6 has type 'uint32_t' {aka 'long unsigned int'} [-Wformat=]
  141 |     sprintf(buf,"%0x,%0x,%0x,%0x\r\n",value[0], value[1], value[2], value[3]);
      |                              ~~^                                    ~~~~~~~~
      |                                |                                         |
      |                                unsigned int                              uint32_t {aka long unsigned int}
      |                              %0lx
../Core/Src/main.c:147:31: warning: pointer targets in passing argument 2 of 'HAL_UART_Transmit' differ in signedness [-Wpointer-sign]
  147 |    HAL_UART_Transmit(&huart6, buf, strlen((char*)buf), HAL_MAX_DELAY);
      |                               ^~~
      |                               |
      |                               char *
In file included from ../Core/Inc/stm32f4xx_hal_conf.h:406,
                 from ../Drivers/STM32F4xx_HAL_Driver/Inc/stm32f4xx_hal.h:29,
                 from ../Core/Inc/main.h:30,
                 from ../Core/Src/main.c:20:
../Drivers/STM32F4xx_HAL_Driver/Inc/stm32f4xx_hal_uart.h:722:79: note: expected 'const uint8_t *' {aka 'const unsigned char *'} but argument is of type 'char *'
  722 | HAL_StatusTypeDef HAL_UART_Transmit(UART_HandleTypeDef *huart, const uint8_t *pData, uint16_t Size, uint32_t Timeout);
      |                                                                ~~~~~~~~~~~~~~~^~~~~
../Core/Src/main.c:148:4: warning: implicit declaration of function 'free' [-Wimplicit-function-declaration]
  148 |    free(buf);
      |    ^~~~
../Core/Src/main.c:148:4: warning: incompatible implicit declaration of built-in function 'free'
../Core/Src/main.c:148:4: note: include '<stdlib.h>' or provide a declaration of 'free'
../Core/Src/main.c:85:11: warning: unused variable 'dt' [-Wunused-variable]
   85 |  long int dt = 0;
      |           ^~
../Core/Src/main.c:84:11: warning: unused variable 't0' [-Wunused-variable]
   84 |  uint32_t t0 = micros();
      |           ^~
../Core/Src/main.c:83:11: warning: unused variable 't1' [-Wunused-variable]
   83 |  uint32_t t1;
      |           ^~
At top level:
../Core/Src/main.c:114:8: warning: 'HAL_UART_RxCpltCallback' defined but not used [-Wunused-function]
  114 |   void HAL_UART_RxCpltCallback(UART_HandleTypeDef *huart)
      |        ^~~~~~~~~~~~~~~~~~~~~~~
arm-none-eabi-gcc -o "f412-gettingstarted.elf" @"objects.list"   -mcpu=cortex-m4 -T"C:\Users\songg\OneDrive\Documents\MPhil_project\Hardware_code\STM32_poject\Learning_1\f412-gettingstarted\STM32F412ZGTX_FLASH.ld" --specs=nosys.specs -Wl,-Map="f412-gettingstarted.map" -Wl,--gc-sections -static --specs=nano.specs -mfpu=fpv4-sp-d16 -mfloat-abi=hard -mthumb -Wl,--start-group -lc -lm -Wl,--end-group
Finished building target: f412-gettingstarted.elf
 
arm-none-eabi-size   f412-gettingstarted.elf 
arm-none-eabi-objdump -h -S  f412-gettingstarted.elf  > "f412-gettingstarted.list"
   text	   data	    bss	    dec	    hex	filename
  20988	    120	   3280	  24388	   5f44	f412-gettingstarted.elf
Finished building: default.size.stdout
 
Finished building: f412-gettingstarted.list
 
12:31:49 **** Incremental Build of configuration Debug for project f412-gettingstarted ****
make -j16 all 
arm-none-eabi-size   f412-gettingstarted.elf 
   text	   data	    bss	    dec	    hex	filename
  20988	    120	   3280	  24388	   5f44	f412-gettingstarted.elf
Finished building: default.size.stdout
 
12:35:31 **** Incremental Build of configuration Debug for project f412-gettingstarted ****
make -j16 all 
arm-none-eabi-gcc "../Core/Src/main.c" -mcpu=cortex-m4 -std=gnu11 -g3 -DDEBUG -DUSE_HAL_DRIVER -DSTM32F412Zx -c -I../Core/Inc -I../Drivers/STM32F4xx_HAL_Driver/Inc -I../Drivers/STM32F4xx_HAL_Driver/Inc/Legacy -I../Drivers/CMSIS/Device/ST/STM32F4xx/Include -I../Drivers/CMSIS/Include -O0 -ffunction-sections -fdata-sections -Wall -fstack-usage -MMD -MP -MF"Core/Src/main.d" -MT"Core/Src/main.o" --specs=nano.specs -mfpu=fpv4-sp-d16 -mfloat-abi=hard -mthumb -o "Core/Src/main.o"
../Core/Src/main.c: In function 'HAL_UART_RxCpltCallback':
../Core/Src/main.c:116:35: warning: passing argument 2 of 'HAL_UART_Receive_DMA' makes pointer from integer without a cast [-Wint-conversion]
  116 |     HAL_UART_Receive_DMA(&huart6, NoChannel, 4);
      |                                   ^~~~~~~~~
      |                                   |
      |                                   uint8_t {aka unsigned char}
In file included from ../Core/Inc/stm32f4xx_hal_conf.h:406,
                 from ../Drivers/STM32F4xx_HAL_Driver/Inc/stm32f4xx_hal.h:29,
                 from ../Core/Inc/main.h:30,
                 from ../Core/Src/main.c:20:
../Drivers/STM32F4xx_HAL_Driver/Inc/stm32f4xx_hal_uart.h:727:76: note: expected 'uint8_t *' {aka 'unsigned char *'} but argument is of type 'uint8_t' {aka 'unsigned char'}
  727 | HAL_StatusTypeDef HAL_UART_Receive_DMA(UART_HandleTypeDef *huart, uint8_t *pData, uint16_t Size);
      |                                                                   ~~~~~~~~~^~~~~
../Core/Src/main.c: In function 'main':
../Core/Src/main.c:128:20: warning: implicit declaration of function 'malloc' [-Wimplicit-function-declaration]
  128 |     buf = (char *) malloc(sizeof(value[0])+8);
      |                    ^~~~~~
../Core/Src/main.c:128:20: warning: incompatible implicit declaration of built-in function 'malloc'
../Core/Src/main.c:27:1: note: include '<stdlib.h>' or provide a declaration of 'malloc'
   26 | #include <micros.h>
  +++ |+#include <stdlib.h>
   27 | /* USER CODE END Includes */
../Core/Src/main.c:129:20: warning: format '%x' expects argument of type 'unsigned int', but argument 3 has type 'uint32_t' {aka 'long unsigned int'} [-Wformat=]
  129 |     sprintf(buf,"%0x\r\n",value[0]);
      |                  ~~^      ~~~~~~~~
      |                    |           |
      |                    |           uint32_t {aka long unsigned int}
      |                    unsigned int
      |                  %0lx
../Core/Src/main.c:133:20: warning: format '%x' expects argument of type 'unsigned int', but argument 3 has type 'uint32_t' {aka 'long unsigned int'} [-Wformat=]
  133 |     sprintf(buf,"%0x,%0x\r\n",value[0], value[1]);
      |                  ~~^          ~~~~~~~~
      |                    |               |
      |                    unsigned int    uint32_t {aka long unsigned int}
      |                  %0lx
../Core/Src/main.c:133:24: warning: format '%x' expects argument of type 'unsigned int', but argument 4 has type 'uint32_t' {aka 'long unsigned int'} [-Wformat=]
  133 |     sprintf(buf,"%0x,%0x\r\n",value[0], value[1]);
      |                      ~~^                ~~~~~~~~
      |                        |                     |
      |                        unsigned int          uint32_t {aka long unsigned int}
      |                      %0lx
../Core/Src/main.c:137:20: warning: format '%x' expects argument of type 'unsigned int', but argument 3 has type 'uint32_t' {aka 'long unsigned int'} [-Wformat=]
  137 |     sprintf(buf,"%0x,%0x,%0x\r\n",value[0], value[1], value[2]);
      |                  ~~^              ~~~~~~~~
      |                    |                   |
      |                    unsigned int        uint32_t {aka long unsigned int}
      |                  %0lx
../Core/Src/main.c:137:24: warning: format '%x' expects argument of type 'unsigned int', but argument 4 has type 'uint32_t' {aka 'long unsigned int'} [-Wformat=]
  137 |     sprintf(buf,"%0x,%0x,%0x\r\n",value[0], value[1], value[2]);
      |                      ~~^                    ~~~~~~~~
      |                        |                         |
      |                        unsigned int              uint32_t {aka long unsigned int}
      |                      %0lx
../Core/Src/main.c:137:28: warning: format '%x' expects argument of type 'unsigned int', but argument 5 has type 'uint32_t' {aka 'long unsigned int'} [-Wformat=]
  137 |     sprintf(buf,"%0x,%0x,%0x\r\n",value[0], value[1], value[2]);
      |                          ~~^                          ~~~~~~~~
      |                            |                               |
      |                            unsigned int                    uint32_t {aka long unsigned int}
      |                          %0lx
../Core/Src/main.c:141:20: warning: format '%x' expects argument of type 'unsigned int', but argument 3 has type 'uint32_t' {aka 'long unsigned int'} [-Wformat=]
  141 |     sprintf(buf,"%0x,%0x,%0x,%0x\r\n",value[0], value[1], value[2], value[3]);
      |                  ~~^                  ~~~~~~~~
      |                    |                       |
      |                    unsigned int            uint32_t {aka long unsigned int}
      |                  %0lx
../Core/Src/main.c:141:24: warning: format '%x' expects argument of type 'unsigned int', but argument 4 has type 'uint32_t' {aka 'long unsigned int'} [-Wformat=]
  141 |     sprintf(buf,"%0x,%0x,%0x,%0x\r\n",value[0], value[1], value[2], value[3]);
      |                      ~~^                        ~~~~~~~~
      |                        |                             |
      |                        unsigned int                  uint32_t {aka long unsigned int}
      |                      %0lx
../Core/Src/main.c:141:28: warning: format '%x' expects argument of type 'unsigned int', but argument 5 has type 'uint32_t' {aka 'long unsigned int'} [-Wformat=]
  141 |     sprintf(buf,"%0x,%0x,%0x,%0x\r\n",value[0], value[1], value[2], value[3]);
      |                          ~~^                              ~~~~~~~~
      |                            |                                   |
      |                            unsigned int                        uint32_t {aka long unsigned int}
      |                          %0lx
../Core/Src/main.c:141:32: warning: format '%x' expects argument of type 'unsigned int', but argument 6 has type 'uint32_t' {aka 'long unsigned int'} [-Wformat=]
  141 |     sprintf(buf,"%0x,%0x,%0x,%0x\r\n",value[0], value[1], value[2], value[3]);
      |                              ~~^                                    ~~~~~~~~
      |                                |                                         |
      |                                unsigned int                              uint32_t {aka long unsigned int}
      |                              %0lx
../Core/Src/main.c:147:31: warning: pointer targets in passing argument 2 of 'HAL_UART_Transmit' differ in signedness [-Wpointer-sign]
  147 |    HAL_UART_Transmit(&huart6, buf, strlen((char*)buf), HAL_MAX_DELAY);
      |                               ^~~
      |                               |
      |                               char *
In file included from ../Core/Inc/stm32f4xx_hal_conf.h:406,
                 from ../Drivers/STM32F4xx_HAL_Driver/Inc/stm32f4xx_hal.h:29,
                 from ../Core/Inc/main.h:30,
                 from ../Core/Src/main.c:20:
../Drivers/STM32F4xx_HAL_Driver/Inc/stm32f4xx_hal_uart.h:722:79: note: expected 'const uint8_t *' {aka 'const unsigned char *'} but argument is of type 'char *'
  722 | HAL_StatusTypeDef HAL_UART_Transmit(UART_HandleTypeDef *huart, const uint8_t *pData, uint16_t Size, uint32_t Timeout);
      |                                                                ~~~~~~~~~~~~~~~^~~~~
../Core/Src/main.c:148:4: warning: implicit declaration of function 'free' [-Wimplicit-function-declaration]
  148 |    free(buf);
      |    ^~~~
../Core/Src/main.c:148:4: warning: incompatible implicit declaration of built-in function 'free'
../Core/Src/main.c:148:4: note: include '<stdlib.h>' or provide a declaration of 'free'
../Core/Src/main.c:85:11: warning: unused variable 'dt' [-Wunused-variable]
   85 |  long int dt = 0;
      |           ^~
../Core/Src/main.c:84:11: warning: unused variable 't0' [-Wunused-variable]
   84 |  uint32_t t0 = micros();
      |           ^~
../Core/Src/main.c:83:11: warning: unused variable 't1' [-Wunused-variable]
   83 |  uint32_t t1;
      |           ^~
At top level:
../Core/Src/main.c:114:8: warning: 'HAL_UART_RxCpltCallback' defined but not used [-Wunused-function]
  114 |   void HAL_UART_RxCpltCallback(UART_HandleTypeDef *huart)
      |        ^~~~~~~~~~~~~~~~~~~~~~~
arm-none-eabi-gcc -o "f412-gettingstarted.elf" @"objects.list"   -mcpu=cortex-m4 -T"C:\Users\songg\OneDrive\Documents\MPhil_project\Hardware_code\STM32_poject\Learning_1\f412-gettingstarted\STM32F412ZGTX_FLASH.ld" --specs=nosys.specs -Wl,-Map="f412-gettingstarted.map" -Wl,--gc-sections -static --specs=nano.specs -mfpu=fpv4-sp-d16 -mfloat-abi=hard -mthumb -Wl,--start-group -lc -lm -Wl,--end-group
Finished building target: f412-gettingstarted.elf
 
arm-none-eabi-size   f412-gettingstarted.elf 
arm-none-eabi-objdump -h -S  f412-gettingstarted.elf  > "f412-gettingstarted.list"
   text	   data	    bss	    dec	    hex	filename
  19696	    120	   3280	  23096	   5a38	f412-gettingstarted.elf
Finished building: default.size.stdout
 
Finished building: f412-gettingstarted.list
 
