../Core/Src/main.c:80:5:main	32	static
../Core/Src/main.c:147:6:SystemClock_Config	88	static
../Core/Src/main.c:194:13:MX_ADC1_Init	24	static
../Core/Src/main.c:270:13:MX_USART3_UART_Init	8	static
../Core/Src/main.c:303:13:MX_USART6_UART_Init	8	static
../Core/Src/main.c:336:13:MX_USB_OTG_FS_PCD_Init	8	static
../Core/Src/main.c:370:13:MX_DMA_Init	16	static
../Core/Src/main.c:391:13:MX_GPIO_Init	56	static
../Core/Src/main.c:438:6:HAL_ADC_ConvCpltCallback	16	static
../Core/Src/main.c:448:6:Error_Handler	4	static,ignoring_inline_asm
