../Core/Inc/micros.h:39:22:DWT_Init	4	static
../Core/Inc/micros.h:52:26:micros	4	static
../Core/Src/main.c:77:5:main	56	static
../Core/Src/main.c:138:6:SystemClock_Config	88	static
../Core/Src/main.c:185:13:MX_ADC1_Init	24	static
../Core/Src/main.c:261:13:MX_USART3_UART_Init	8	static
../Core/Src/main.c:294:13:MX_USART6_UART_Init	8	static
../Core/Src/main.c:327:13:MX_USB_OTG_FS_PCD_Init	8	static
../Core/Src/main.c:361:13:MX_DMA_Init	16	static
../Core/Src/main.c:379:13:MX_GPIO_Init	56	static
../Core/Src/main.c:433:6:Error_Handler	4	static,ignoring_inline_asm
